Archive member included because of file (symbol)

/l/arm2/devtools/lib/gcc/arm-none-eabi/4.8.4/libgcc.a(_udivsi3.o)
                              binaries/qsort.o (__aeabi_uidiv)
/l/arm2/devtools/lib/gcc/arm-none-eabi/4.8.4/libgcc.a(_divsi3.o)
                              binaries/xsh_help.o (__aeabi_idiv)
/l/arm2/devtools/lib/gcc/arm-none-eabi/4.8.4/libgcc.a(_dvmd_tls.o)
                              /l/arm2/devtools/lib/gcc/arm-none-eabi/4.8.4/libgcc.a(_udivsi3.o) (__aeabi_idiv0)

Allocating common symbols
Common symbol       size              file

platform            0x3c              binaries/initialize.o
readylist           0x2               binaries/ready.o
page_table          0x190000          binaries/mmu.o
sleepq              0x2               binaries/clkinit.o
resdefer            0x4               binaries/resched.o
intc_vector         0x200             binaries/evec.o
nnames              0x4               binaries/naminit.o
minheap             0x4               binaries/meminit.o
marks               0x50              binaries/mark.o
currpid             0x4               binaries/initialize.o
Lf_data             0x20c             binaries/lfsinit.o
porttab             0x2d0             binaries/ptinit.o
ttytab              0x10c             binaries/ttyinit.o
proctab             0x15e0            binaries/initialize.o
prcount             0x4               binaries/initialize.o
lfltab              0xf00             binaries/lflinit.o
nmarks              0x4               binaries/mark.o
Defer               0x8               binaries/resched.o
semtab              0x4b0             binaries/initialize.o
interruptVector     0x80              binaries/pl190.o
clkticks            0x4               binaries/clkinit.o
maxheap             0x4               binaries/meminit.o
preempt             0x4               binaries/clkinit.o
buftab              0xf0              binaries/bufinit.o
uarttab             0x83c             binaries/uartInit.o
mkmutex             0x4               binaries/mark.o
looptab             0x410             binaries/loopbackInit.o
clktime             0x4               binaries/clkinit.o
cpudelay            0x4               binaries/main.o
nbpools             0x4               binaries/bufinit.o
queuetab            0x980             binaries/queue.o
ptnextid            0x4               binaries/ptinit.o
Ram                 0x19000           binaries/raminit.o
memlist             0x8               binaries/initialize.o
nametab             0x19a0            binaries/naminit.o
ptfree              0x4               binaries/ptinit.o

Discarded input sections

 .group         0x00000000        0x8 binaries/ascdate.o
 .group         0x00000000        0x8 binaries/ascdate.o
 .group         0x00000000        0x8 binaries/ascdate.o
 .group         0x00000000        0x8 binaries/ascdate.o
 .group         0x00000000        0x8 binaries/ascdate.o
 .group         0x00000000        0x8 binaries/ascdate.o
 .group         0x00000000        0x8 binaries/ascdate.o
 .group         0x00000000        0x8 binaries/ascdate.o
 .group         0x00000000        0x8 binaries/ascdate.o
 .group         0x00000000        0x8 binaries/ascdate.o
 .group         0x00000000        0x8 binaries/ascdate.o
 .group         0x00000000        0x8 binaries/ascdate.o
 .group         0x00000000        0x8 binaries/ascdate.o
 .group         0x00000000        0x8 binaries/ascdate.o
 .group         0x00000000        0x8 binaries/ascdate.o
 .group         0x00000000        0x8 binaries/ascdate.o
 .group         0x00000000        0x8 binaries/ascdate.o
 .group         0x00000000        0x8 binaries/ascdate.o
 .group         0x00000000        0x8 binaries/ascdate.o
 .group         0x00000000        0x8 binaries/ascdate.o
 .group         0x00000000        0x8 binaries/ascdate.o
 .group         0x00000000        0x8 binaries/ascdate.o
 .group         0x00000000        0x8 binaries/ascdate.o
 .group         0x00000000        0x8 binaries/ascdate.o
 .group         0x00000000        0x8 binaries/ascdate.o
 .group         0x00000000        0x8 binaries/ascdate.o
 .group         0x00000000        0x8 binaries/ascdate.o
 .group         0x00000000        0x8 binaries/ascdate.o
 .group         0x00000000        0x8 binaries/ascdate.o
 .group         0x00000000        0x8 binaries/ascdate.o
 .group         0x00000000        0x8 binaries/ascdate.o
 .group         0x00000000        0x8 binaries/ascdate.o
 .group         0x00000000        0x8 binaries/ascdate.o
 .group         0x00000000        0x8 binaries/ascdate.o
 .group         0x00000000        0x8 binaries/ascdate.o
 .group         0x00000000        0x8 binaries/ascdate.o
 .group         0x00000000        0x8 binaries/ascdate.o
 .group         0x00000000        0x8 binaries/bufinit.o
 .group         0x00000000        0x8 binaries/bufinit.o
 .group         0x00000000        0x8 binaries/bufinit.o
 .group         0x00000000        0x8 binaries/bufinit.o
[...]
Memory Configuration

Name             Origin             Length             Attributes
*default*        0x00000000         0xffffffff

Linker script and memory map

                0x81000000                physbase = 0x81000000
                0x81000000                . = physbase
                0x81000000                . = ALIGN (0x1000)

.text           0x81000000     0xd000
                0x81000000                text = ABSOLUTE (.)
 *(.text .text.*)
 .text          0x81000000       0xc4 binaries/start.o
                0x81000000                start
 .text          0x810000c4      0x320 binaries/ascdate.o
                0x810000c4                ascdate
 .text          0x810003e4       0x18 binaries/bufinit.o
                0x810003e4                bufinit
 .text          0x810003fc       0x68 binaries/chprio.o
                0x810003fc                chprio
 .text          0x81000464       0xb8 binaries/clkhandler.o
                0x81000464                clkhandler
 .text          0x8100051c       0x88 binaries/clkinit.o
                0x8100051c                clkinit
 .text          0x810005a4       0x50 binaries/close.o
                0x810005a4                close
 .text          0x810005f4        0x0 binaries/conf.o
 .text          0x810005f4       0x68 binaries/control.o
                0x810005f4                control
 .text          0x8100065c      0x290 binaries/create.o
                0x8100065c                create
 .text          0x810008ec       0xac binaries/evec.o
                0x810008ec                initintc
                0x81000918                set_1evec
                0x81000958                irq_dispatch
 .text          0x81000998       0x10 binaries/exit.o
                0x81000998                exit
 .text          0x810009a8       0x7c binaries/freebuf.o
                0x810009a8                freebuf
 .text          0x81000a24      0x13c binaries/freemem.o
                0x81000a24                freemem
 .text          0x81000b60       0x78 binaries/getbuf.o
                0x81000b60                getbuf
 .text          0x81000bd8       0x50 binaries/getc.o
                0x81000bd8                getc
 .text          0x81000c28       0x68 binaries/getdev.o
                0x81000c28                getdev
 .text          0x81000c90       0x9c binaries/getitem.o
                0x81000c90                getitem
                0x81000cc0                getfirst
                0x81000cf4                getlast
 .text          0x81000d2c       0xf8 binaries/getmem.o
                0x81000d2c                getmem
 .text          0x81000e24       0x10 binaries/getpid.o
                0x81000e24                getpid
 .text          0x81000e34       0x58 binaries/getprio.o
                0x81000e34                getprio
 .text          0x81000e8c       0xc0 binaries/getstk.o
                0x81000e8c                getstk
 .text          0x81000f4c       0x58 binaries/gettime.o
                0x81000f4c                get_datetime
                0x81000f6c                set_datetime
                0x81000f8c                gettime
 .text          0x81000fa4       0x50 binaries/init.o
                0x81000fa4                init
 .text          0x81000ff4      0x2e0 binaries/initialize.o
                0x81000ff4                nulluser
                0x81001274                stop
                0x81001298                delay
 .text          0x810012d4       0xc0 binaries/insert.o
                0x810012d4                insert
 .text          0x81001394      0x120 binaries/insertd.o
                0x81001394                insertd
 .text          0x810014b4        0x8 binaries/ioerr.o
                0x810014b4                ioerr
 .text          0x810014bc        0x8 binaries/ionull.o
                0x810014bc                ionull
 .text          0x810014c4      0x158 binaries/kill.o
                0x810014c4                kill
 .text          0x8100161c       0xd4 binaries/main.o
                0x8100161c                counterproc
                0x81001654                main
 .text          0x810016f0       0xc4 binaries/mark.o
                0x810016f0                markinit
                0x8100171c                mark
 .text          0x810017b4       0x44 binaries/meminit.o
                0x810017b4                meminit
 .text          0x810017f8      0x134 binaries/mkbufpool.o
                0x810017f8                mkbufpool
 .text          0x8100192c      0x160 binaries/mmu.o
                0x8100192c                setPageTable
                0x8100194c                setAccessControl
                0x81001958                FlushTLB
                0x81001964                enableMMU
                0x81001974                initializeMMU
                0x81001a78                pageFaultHandler
 .text          0x81001a8c       0x7c binaries/newqueue.o
                0x81001a8c                newqueue
 .text          0x81001b08       0x60 binaries/open.o
                0x81001b08                open
 .text          0x81001b68       0x20 binaries/panic.o
                0x81001b68                panic
 .text          0x81001b88       0x68 binaries/pl190.o
                0x81001b88                enable_irq
                0x81001ba0                disable_irq
                0x81001bb8                dispatch
 .text          0x81001bf0      0x130 binaries/platinit.o
                0x81001bf0                platinit
 .text          0x81001d20       0xa8 binaries/ptclear.o
                0x81001d20                _ptclear
 .text          0x81001dc8       0x78 binaries/ptcount.o
                0x81001dc8                ptcount
 .text          0x81001e40       0xd4 binaries/ptcreate.o
                0x81001e40                ptcreate
 .text          0x81001f14       0x74 binaries/ptdelete.o
                0x81001f14                ptdelete
 .text          0x81001f88       0xb8 binaries/ptinit.o
                0x81001f88                ptinit
 .text          0x81002040       0xd0 binaries/ptrecv.o
                0x81002040                ptrecv
 .text          0x81002110       0x64 binaries/ptreset.o
                0x81002110                ptreset
 .text          0x81002174       0xf0 binaries/ptsend.o
                0x81002174                ptsend
 .text          0x81002264       0x58 binaries/putc.o
                0x81002264                putc
 .text          0x810022bc       0xe8 binaries/queue.o
                0x810022bc                enqueue
                0x81002348                dequeue
 .text          0x810023a4       0x60 binaries/read.o
                0x810023a4                read
 .text          0x81002404       0x70 binaries/ready.o
                0x81002404                ready
 .text          0x81002474       0x60 binaries/receive.o
                0x81002474                receive
 .text          0x810024d4       0x48 binaries/recvclr.o
                0x810024d4                recvclr
 .text          0x8100251c       0xb0 binaries/recvtime.o
                0x8100251c                recvtime
 .text          0x810025cc      0x18c binaries/resched.o
                0x810025cc                resched
                0x810026ac                resched_cntl
 .text          0x81002758       0x90 binaries/resume.o
                0x81002758                resume
 .text          0x810027e8       0x58 binaries/seek.o
                0x810027e8                seek
 .text          0x81002840       0x54 binaries/semcount.o
                0x81002840                semcount
 .text          0x81002894       0xa8 binaries/semcreate.o
                0x81002894                semcreate
 .text          0x8100293c       0xac binaries/semdelete.o
                0x8100293c                semdelete
 .text          0x810029e8       0xa0 binaries/semreset.o
                0x810029e8                semreset
 .text          0x81002a88       0xbc binaries/send.o
                0x81002a88                send
 .text          0x81002b44       0x80 binaries/signal.o
                0x81002b44                signal
 .text          0x81002bc4       0xb0 binaries/signaln.o
                0x81002bc4                signaln
 .text          0x81002c74       0xcc binaries/sleep.o
                0x81002c74                sleepms
                0x81002d10                sleep
 .text          0x81002d40       0x48 binaries/sp804.o
                0x81002d40                sp804_init
                0x81002d54                clkcount
                0x81002d68                clkupdate
 .text          0x81002d88       0xb8 binaries/suspend.o
                0x81002d88                suspend
 .text          0x81002e40       0x68 binaries/udelay.o
                0x81002e40                udelay
 .text          0x81002ea8       0xac binaries/unsleep.o
                0x81002ea8                unsleep
 .text          0x81002f54       0x10 binaries/userret.o
                0x81002f54                userret
 .text          0x81002f64       0xac binaries/wait.o
                0x81002f64                wait
 .text          0x81003010       0x88 binaries/wakeup.o
                0x81003010                wakeup
 .text          0x81003098       0x60 binaries/write.o
                0x81003098                write
 .text          0x810030f8       0x18 binaries/xdone.o
                0x810030f8                xdone
 .text          0x81003110       0x20 binaries/yield.o
                0x81003110                yield
 .text          0x81003130        0xc binaries/abs.o
                0x81003130                abs
 .text          0x8100313c      0x114 binaries/atoi.o
                0x8100313c                atoi
 .text          0x81003250      0x114 binaries/atol.o
                0x81003250                atol
 .text          0x81003364       0x20 binaries/bzero.o
                0x81003364                bzero
 .text          0x81003384        0x0 binaries/ctype_.o
 .text          0x81003384      0x948 binaries/doprnt.o
                0x81003568                _doprnt
 .text          0x81003ccc      0x708 binaries/doscan.o
                0x81003ccc                _doscan
 .text          0x810043d4      0x878 binaries/fdoprnt.o
                0x81004480                _fdoprnt
 .text          0x81004c4c       0x14 binaries/fgetc.o
                0x81004c4c                fgetc
 .text          0x81004c60       0x84 binaries/fgets.o
                0x81004c60                fgets
 .text          0x81004ce4       0x3c binaries/fprintf.o
                0x81004ce4                fprintf
 .text          0x81004d20       0x24 binaries/fputc.o
                0x81004d20                fputc
 .text          0x81004d44       0x38 binaries/fputs.o
                0x81004d44                fputs
 .text          0x81004d7c       0x78 binaries/fscanf.o
                0x81004db0                fscanf
 .text          0x81004df4       0x2c binaries/getchar.o
                0x81004df4                getchar
 .text          0x81004e20        0xc binaries/labs.o
                0x81004e20                labs
 .text          0x81004e2c       0x48 binaries/memchr.o
                0x81004e2c                memchr
 .text          0x81004e74       0x60 binaries/memcmp.o
                0x81004e74                memcmp
 .text          0x81004ed4       0x24 binaries/memcpy.o
                0x81004ed4                memcpy
 .text          0x81004ef8       0x20 binaries/memset.o
                0x81004ef8                memset
 .text          0x81004f18       0x58 binaries/printf.o
                0x81004f18                printf
 .text          0x81004f70       0x2c binaries/putchar.o
                0x81004f70                putchar
 .text          0x81004f9c      0x250 binaries/qsort.o
                0x810051cc                qsort
 .text          0x810051ec       0x40 binaries/rand.o
                0x810051ec                srand
                0x810051fc                rand
 .text          0x8100522c       0x68 binaries/sprintf.o
                0x81005244                sprintf
 .text          0x81005294       0x78 binaries/sscanf.o
                0x810052c8                sscanf
 .text          0x8100530c       0x48 binaries/strchr.o
                0x8100530c                strchr
 .text          0x81005354       0x54 binaries/strcmp.o
                0x81005354                strcmp
 .text          0x810053a8       0x18 binaries/strcpy.o
                0x810053a8                strcpy
 .text          0x810053c0       0x30 binaries/strlen.o
                0x810053c0                strlen
 .text          0x810053f0       0x50 binaries/strncat.o
                0x810053f0                strncat
 .text          0x81005440       0x54 binaries/strncmp.o
                0x81005440                strncmp
 .text          0x81005494       0x80 binaries/strncpy.o
                0x81005494                strncpy
 .text          0x81005514       0x48 binaries/strnlen.o
                0x81005514                strnlen
 .text          0x8100555c       0x58 binaries/strrchr.o
                0x8100555c                strrchr
 .text          0x810055b4       0xb0 binaries/strstr.o
                0x810055b4                strstr
 .text          0x81005664       0xc8 binaries/ttycontrol.o
                0x81005664                ttycontrol
 .text          0x8100572c       0x6c binaries/ttygetc.o
                0x8100572c                ttygetc
 .text          0x81005798      0x4d4 binaries/ttyhandle_in.o
                0x81005864                ttyhandle_in
 .text          0x81005c6c      0x14c binaries/ttyhandle_out.o
                0x81005c6c                ttyhandle_out
 .text          0x81005db8       0xc8 binaries/ttyhandler.o
                0x81005db8                ttyhandler
 .text          0x81005e80      0x120 binaries/ttyinit.o
                0x81005e80                ttyinit
 .text          0x81005fa0        0xc binaries/ttykickout.o
                0x81005fa0                ttykickout
 .text          0x81005fac       0x78 binaries/ttyputc.o
                0x81005fac                ttyputc
 .text          0x81006024      0x110 binaries/ttyread.o
                0x81006024                ttyread
 .text          0x81006134       0x4c binaries/ttywrite.o
                0x81006134                ttywrite
 .text          0x81006180      0x130 binaries/mount.o
                0x81006180                namlen
                0x810061d4                mount
 .text          0x810062b0      0x1bc binaries/naminit.o
                0x810062b0                naminit
 .text          0x8100646c      0x234 binaries/nammap.o
                0x8100646c                namrepl
                0x810065a4                namcpy
                0x81006600                nammap
 .text          0x810066a0       0x40 binaries/namopen.o
                0x810066a0                namopen
 .text          0x810066e0        0x8 binaries/ramclose.o
                0x810066e0                ramclose
 .text          0x810066e8       0x3c binaries/raminit.o
                0x810066e8                raminit
 .text          0x81006724        0x8 binaries/ramopen.o
                0x81006724                ramopen
 .text          0x8100672c       0x24 binaries/ramread.o
                0x8100672c                ramread
 .text          0x81006750       0x20 binaries/ramwrite.o
                0x81006750                ramwrite
 .text          0x81006770       0x8c binaries/lfdballoc.o
                0x81006770                lfdballoc
 .text          0x810067fc       0x4c binaries/lfdbfree.o
                0x810067fc                lfdbfree
 .text          0x81006848       0xac binaries/lfflush.o
                0x81006848                lfflush
 .text          0x810068f4       0xc8 binaries/lfgetmode.o
                0x810068f4                lfgetmode
 .text          0x810069bc       0x68 binaries/lfiballoc.o
                0x810069bc                lfiballoc
 .text          0x81006a24       0x30 binaries/lfibclear.o
                0x81006a24                lfibclear
 .text          0x81006a54       0x64 binaries/lfibget.o
                0x81006a54                lfibget
 .text          0x81006ab8       0x84 binaries/lfibput.o
                0x81006ab8                lfibput
 .text          0x81006b3c       0x84 binaries/lflclose.o
                0x81006b3c                lflclose
 .text          0x81006bc0       0xa0 binaries/lflcontrol.o
                0x81006bc0                lflcontrol
 .text          0x81006c60       0xa8 binaries/lflgetc.o
                0x81006c60                lflgetc
 .text          0x81006d08       0xa8 binaries/lflinit.o
                0x81006d08                lflinit
 .text          0x81006db0       0xd8 binaries/lflputc.o
                0x81006db0                lflputc
 .text          0x81006e88       0x78 binaries/lflread.o
                0x81006e88                lflread
 .text          0x81006f00       0x80 binaries/lflseek.o
                0x81006f00                lflseek
 .text          0x81006f80       0x54 binaries/lflwrite.o
                0x81006f80                lflwrite
 .text          0x81006fd4      0x11c binaries/lfsckfmt.o
                0x81006fd4                lfsckfmt
 .text          0x810070f0      0x15c binaries/lfscreate.o
                0x810070f0                lfscreate
 .text          0x8100724c      0x1e0 binaries/lfsetup.o
                0x8100724c                lfsetup
 .text          0x8100742c       0x44 binaries/lfsinit.o
                0x8100742c                lfsinit
 .text          0x81007470      0x304 binaries/lfsopen.o
                0x81007470                lfsopen
 .text          0x81007774      0x104 binaries/lftruncate.o
                0x81007774                lftruncate
 .text          0x81007878       0x2c binaries/kprintf.o
                0x81007878                kprintf
 .text          0x810078a4       0x44 binaries/kvprintf.o
                0x810078a4                kvprintf
 .text          0x810078e8       0xc0 binaries/uartControl.o
                0x810078e8                uartControl
 .text          0x810079a8       0x28 binaries/uartGetc.o
                0x810079a8                uartGetc
 .text          0x810079d0       0xe8 binaries/uartInit.o
                0x810079d0                uartInit
 .text          0x81007ab8       0x30 binaries/uartPutc.o
                0x81007ab8                uartPutc
 .text          0x81007ae8      0x100 binaries/uartRead.o
                0x81007ae8                uartRead
 .text          0x81007be8       0xd0 binaries/uartStat.o
                0x81007be8                uartStat
 .text          0x81007cb8      0x114 binaries/uartWrite.o
                0x81007cb8                uartWrite
 .text          0x81007dcc       0x50 binaries/kgetc.o
                0x81007dcc                kgetc
 .text          0x81007e1c       0x4c binaries/kputc.o
                0x81007e1c                kputc
 .text          0x81007e68       0x94 binaries/uartHwInit.o
                0x81007e68                uartHwInit
 .text          0x81007efc        0x8 binaries/uartHwPutc.o
                0x81007efc                uartHwPutc
 .text          0x81007f04       0x64 binaries/uartHwStat.o
                0x81007f04                uartHwStat
 .text          0x81007f68      0x19c binaries/uartInterrupt.o
                0x81007f68                uartInterrupt
 .text          0x81008104        0x0 binaries/Doxygroup.o
 .text          0x81008104       0x5c binaries/loopbackClose.o
                0x81008104                loopbackClose
 .text          0x81008160       0x74 binaries/loopbackControl.o
                0x81008160                loopbackControl
 .text          0x810081d4       0x8c binaries/loopbackGetc.o
                0x810081d4                loopbackGetc
 .text          0x81008260       0x2c binaries/loopbackInit.o
                0x81008260                loopbackInit
 .text          0x8100828c       0x8c binaries/loopbackOpen.o
                0x8100828c                loopbackOpen
 .text          0x81008318       0x88 binaries/loopbackPutc.o
                0x81008318                loopbackPutc
 .text          0x810083a0       0x70 binaries/loopbackRead.o
                0x810083a0                loopbackRead
 .text          0x81008410       0x7c binaries/loopbackWrite.o
                0x81008410                loopbackWrite
 .text          0x8100848c      0x120 binaries/addargs.o
                0x8100848c                addargs
 .text          0x810085ac      0x2b4 binaries/lexan.o
                0x810085ac                lexan
 .text          0x81008860      0x67c binaries/shell.o
                0x81008860                shell
 .text          0x81008edc       0x64 binaries/xsh_argecho.o
                0x81008edc                xsh_argecho
 .text          0x81008f40      0x224 binaries/xsh_cat.o
                0x81008f40                xsh_cat
 .text          0x81009164       0x5c binaries/xsh_clear.o
                0x81009164                xsh_clear
 .text          0x810091c0      0x270 binaries/xsh_date.o
                0x810091c0                xsh_date
 .text          0x81009430       0x98 binaries/xsh_devdump.o
                0x81009430                xsh_devdump
 .text          0x810094c8       0x68 binaries/xsh_echo.o
                0x810094c8                xsh_echo
 .text          0x81009530        0x8 binaries/xsh_exit.o
                0x81009530                xsh_exit
 .text          0x81009538      0x39c binaries/xsh_help.o
                0x81009538                xsh_help
 .text          0x810098d4      0x1e0 binaries/xsh_kill.o
                0x810098d4                xsh_kill
 .text          0x81009ab4      0x294 binaries/xsh_led.o
                0x81009ab4                xsh_led
 .text          0x81009d48      0x420 binaries/xsh_memdump.o
                0x81009e44                xsh_memdump
 .text          0x8100a168      0x21c binaries/xsh_memstat.o
                0x8100a168                xsh_memstat
 .text          0x8100a384       0xbc binaries/xsh_mmu.o
                0x8100a384                function1
                0x8100a3b4                xsh_mmu
 .text          0x8100a440      0x220 binaries/xsh_ps.o
                0x8100a440                xsh_ps
 .text          0x8100a660      0x1bc binaries/xsh_sleep.o
                0x8100a660                xsh_sleep
 .text          0x8100a81c      0x1b4 binaries/xsh_uptime.o
                0x8100a81c                xsh_uptime
 .text          0x8100a9d0        0x4 binaries/consume.o
                0x8100a9d0                consumer
 .text          0x8100a9d4        0x4 binaries/produce.o
                0x8100a9d4                producer
 .text          0x8100a9d8       0x28 binaries/ctxsw.o
                0x8100a9d8                ctxsw
 .text          0x8100aa00      0x100 binaries/intr.o
                0x8100aa00                disable
                0x8100aa0c                restore
                0x8100aa30                enable
                0x8100aa38                pause
                0x8100aa38                halt
                0x8100aa40                irq_except
                0x8100aa70                initevec
                0x8100aad0                expjmpinstr
 .text          0x8100ab00       0x30 binaries/irq_handler.o
                0x8100ab00                irq_handler
 .text          0x8100ab30        0xc binaries/memory_barrier.o
                0x8100ab30                dmb
 .text          0x8100ab3c       0x30 binaries/page_fault.o
                0x8100ab3c                page_fault
 .text          0x8100ab6c      0x114 /l/arm2/devtools/lib/gcc/arm-none-eabi/4.8.4/libgcc.a(_udivsi3.o)
                0x8100ab6c                __udivsi3
                0x8100ab6c                __aeabi_uidiv
                0x8100ac60                __aeabi_uidivmod
 .text          0x8100ac80      0x148 /l/arm2/devtools/lib/gcc/arm-none-eabi/4.8.4/libgcc.a(_divsi3.o)
                0x8100ac80                __aeabi_idiv
                0x8100ac80                __divsi3
                0x8100ada8                __aeabi_idivmod
 .text          0x8100adc8        0x4 /l/arm2/devtools/lib/gcc/arm-none-eabi/4.8.4/libgcc.a(_dvmd_tls.o)
                0x8100adc8                __aeabi_ldiv0
                0x8100adc8                __aeabi_idiv0
 *(.rodata .rodata.*)
 .rodata.str1.4
                0x8100adcc       0x78 binaries/ascdate.o
 .rodata.str1.4
                0x8100ae44       0x26 binaries/clkinit.o
                                 0x28 (size before relaxing)
 *fill*         0x8100ae6a        0x2 
 .rodata.str1.4
                0x8100ae6c       0x6e binaries/conf.o
                                 0x70 (size before relaxing)
 *fill*         0x8100aeda        0x2 
 .rodata.str1.4
                0x8100aedc      0x16c binaries/initialize.o
                                0x170 (size before relaxing)
 .rodata.str1.4
                0x8100b048       0x42 binaries/main.o
                                 0x44 (size before relaxing)
 *fill*         0x8100b08a        0x2 
 .rodata.str1.4
                0x8100b08c       0x14 binaries/mmu.o
 .rodata.str1.4
                0x8100b0a0       0x10 binaries/panic.o
 .rodata.str1.4
                0x8100b0b0       0x19 binaries/platinit.o
                                 0x1c (size before relaxing)
 *fill*         0x8100b0c9        0x3 
 .rodata.str1.4
                0x8100b0cc       0x1c binaries/ptinit.o
 .rodata.str1.4
                0x8100b0e8       0x25 binaries/ptsend.o
                                 0x28 (size before relaxing)
 *fill*         0x8100b10d        0x3 
 .rodata.str1.4
                0x8100b110       0x27 binaries/xdone.o
                                 0x28 (size before relaxing)
 *fill*         0x8100b137        0x1 
 .rodata        0x8100b138       0x84 binaries/ctype_.o
                0x8100b138                _ctype_
 .rodata.str1.4
                0x8100b1bc       0x2f binaries/doprnt.o
                                 0x30 (size before relaxing)
 .rodata.str1.4
                0x00000000       0x30 binaries/fdoprnt.o
 *fill*         0x8100b1eb        0x1 
 .rodata.str1.4
                0x8100b1ec       0x86 binaries/naminit.o
                                 0x90 (size before relaxing)
 *fill*         0x8100b272        0x2 
 .rodata.str1.4
                0x8100b274        0x9 binaries/raminit.o
                                  0xc (size before relaxing)
 *fill*         0x8100b27d        0x3 
 .rodata.str1.4
                0x8100b280       0x37 binaries/lfdballoc.o
                                 0x38 (size before relaxing)
 *fill*         0x8100b2b7        0x1 
 .rodata.str1.4
                0x8100b2b8       0x14 binaries/lfiballoc.o
 .rodata.str1.4
                0x8100b2cc       0x23 binaries/lflcontrol.o
                                 0x24 (size before relaxing)
 *fill*         0x8100b2ef        0x1 
 .rodata.str1.4
                0x8100b2f0       0xbb binaries/lfsckfmt.o
                                 0xbc (size before relaxing)
 *fill*         0x8100b3ab        0x1 
 .rodata.str1.4
                0x8100b3ac       0xde binaries/uartStat.o
                                 0xe4 (size before relaxing)
 *fill*         0x8100b48a        0x2 
 .rodata        0x8100b48c        0x8 binaries/uartHwStat.o
 .rodata.str1.4
                0x8100b494       0x6c binaries/uartHwStat.o
                                 0x9c (size before relaxing)
 .rodata        0x8100b500       0xc0 binaries/shell.o
                0x8100b500                cmdtab
 .rodata.str1.4
                0x8100b5c0      0x2c9 binaries/shell.o
                                0x2d4 (size before relaxing)
 *fill*         0x8100b889        0x3 
 .rodata.str1.4
                0x8100b88c       0x29 binaries/xsh_argecho.o
                                 0x30 (size before relaxing)
 *fill*         0x8100b8b5        0x3 
 .rodata.str1.4
                0x8100b8b8       0xcd binaries/xsh_cat.o
                                 0xd4 (size before relaxing)
 *fill*         0x8100b985        0x3 
 .rodata.str1.4
                0x8100b988       0x15 binaries/xsh_clear.o
                                 0x18 (size before relaxing)
 *fill*         0x8100b99d        0x3 
 .rodata.str1.4
                0x8100b9a0      0x1af binaries/xsh_date.o
                                0x1cc (size before relaxing)
 *fill*         0x8100bb4f        0x1 
 .rodata.str1.4
                0x8100bb50       0x61 binaries/xsh_devdump.o
                                 0x64 (size before relaxing)
 *fill*         0x8100bbb1        0x3 
 .rodata.str1.4
                0x8100bbb4        0x8 binaries/xsh_echo.o
                                  0xc (size before relaxing)
 .rodata.str1.4
                0x8100bbbc       0xe7 binaries/xsh_help.o
                                0x17c (size before relaxing)
 *fill*         0x8100bca3        0x1 
 .rodata.str1.4
                0x8100bca4       0xc8 binaries/xsh_kill.o
                                0x138 (size before relaxing)
 .rodata.str1.4
                0x8100bd6c       0xf7 binaries/xsh_led.o
                                0x16c (size before relaxing)
 *fill*         0x8100be63        0x1 
 .rodata.str1.4
                0x8100be64      0x1ea binaries/xsh_memdump.o
                                0x264 (size before relaxing)
 *fill*         0x8100c04e        0x2 
 .rodata.str1.4
                0x8100c050      0x1cc binaries/xsh_memstat.o
                                0x234 (size before relaxing)
 .rodata.str1.4
                0x8100c21c       0x33 binaries/xsh_mmu.o
                                 0x34 (size before relaxing)
 *fill*         0x8100c24f        0x1 
 .rodata        0x8100c250       0x20 binaries/xsh_ps.o
 .rodata.str1.4
                0x8100c270      0x12a binaries/xsh_ps.o
                                0x1d4 (size before relaxing)
 *fill*         0x8100c39a        0x2 
 .rodata.str1.4
                0x8100c39c       0x5e binaries/xsh_sleep.o
                                 0xf8 (size before relaxing)
 *fill*         0x8100c3fa        0x2 
 .rodata.str1.4
                0x8100c3fc       0x78 binaries/xsh_uptime.o
                                0x114 (size before relaxing)
                0x8100c474                etext = ABSOLUTE (.)
                0x8100d000                . = ALIGN (0x1000)
 *fill*         0x8100c474      0xb8c 

.glue_7         0x8100d000        0x0
 .glue_7        0x00000000        0x0 linker stubs

.glue_7t        0x8100d000        0x0
 .glue_7t       0x00000000        0x0 linker stubs

.vfp11_veneer   0x8100d000        0x0
 .vfp11_veneer  0x00000000        0x0 linker stubs

.v4_bx          0x8100d000        0x0
 .v4_bx         0x00000000        0x0 linker stubs

.iplt           0x8100d000        0x0
 .iplt          0x00000000        0x0 binaries/start.o

.rel.dyn        0x8100d000        0x0
 .rel.iplt      0x00000000        0x0 binaries/start.o

.data           0x8100d000     0x1000
                0x8100d000                data = ABSOLUTE (.)
 *(.data .data.*)
 .data          0x8100d000        0x0 binaries/start.o
 .data          0x8100d000       0x88 binaries/ascdate.o
                0x8100d000                Date
 .data          0x8100d088        0x0 binaries/bufinit.o
 .data          0x8100d088        0x0 binaries/chprio.o
 .data          0x8100d088        0x0 binaries/clkhandler.o
 .data          0x8100d088        0x0 binaries/clkinit.o
 .data          0x8100d088        0x0 binaries/close.o
 .data          0x8100d088      0x30c binaries/conf.o
                0x8100d088                devtab
 .data          0x8100d394        0x0 binaries/control.o
 .data          0x8100d394        0x4 binaries/create.o
 .data          0x8100d398       0x40 binaries/evec.o
                0x8100d398                expmsg2
                0x8100d3ac                expmsg1
 .data          0x8100d3d8        0x0 binaries/exit.o
 .data          0x8100d3d8        0x0 binaries/freebuf.o
 .data          0x8100d3d8        0x0 binaries/freemem.o
 .data          0x8100d3d8        0x0 binaries/getbuf.o
 .data          0x8100d3d8        0x0 binaries/getc.o
 .data          0x8100d3d8        0x0 binaries/getdev.o
 .data          0x8100d3d8        0x0 binaries/getitem.o
 .data          0x8100d3d8        0x0 binaries/getmem.o
 .data          0x8100d3d8        0x0 binaries/getpid.o
 .data          0x8100d3d8        0x0 binaries/getprio.o
 .data          0x8100d3d8        0x0 binaries/getstk.o
 .data          0x8100d3d8        0x0 binaries/gettime.o
 .data          0x8100d3d8        0x0 binaries/init.o
 .data          0x8100d3d8        0x0 binaries/initialize.o
 .data          0x8100d3d8        0x0 binaries/insert.o
 .data          0x8100d3d8        0x0 binaries/insertd.o
 .data          0x8100d3d8        0x0 binaries/ioerr.o
 .data          0x8100d3d8        0x0 binaries/ionull.o
 .data          0x8100d3d8        0x0 binaries/kill.o
 .data          0x8100d3d8        0x4 binaries/main.o
                0x8100d3d8                gcounter
 .data          0x8100d3dc        0x0 binaries/mark.o
 .data          0x8100d3dc        0x0 binaries/meminit.o
 .data          0x8100d3dc        0x0 binaries/mkbufpool.o
 .data          0x8100d3dc        0x0 binaries/mmu.o
 .data          0x8100d3dc        0x2 binaries/newqueue.o
 .data          0x8100d3de        0x0 binaries/open.o
 .data          0x8100d3de        0x0 binaries/panic.o
 .data          0x8100d3de        0x0 binaries/pl190.o
 *fill*         0x8100d3de        0x2 
 .data          0x8100d3e0        0x4 binaries/platinit.o
                0x8100d3e0                atags_ptr
 .data          0x8100d3e4        0x0 binaries/ptclear.o
 .data          0x8100d3e4        0x0 binaries/ptcount.o
 .data          0x8100d3e4        0x0 binaries/ptcreate.o
 .data          0x8100d3e4        0x0 binaries/ptdelete.o
 .data          0x8100d3e4        0x0 binaries/ptinit.o
 .data          0x8100d3e4        0x0 binaries/ptrecv.o
 .data          0x8100d3e4        0x0 binaries/ptreset.o
 .data          0x8100d3e4        0x0 binaries/ptsend.o
 .data          0x8100d3e4        0x0 binaries/putc.o
 .data          0x8100d3e4        0x0 binaries/queue.o
 .data          0x8100d3e4        0x0 binaries/read.o
 .data          0x8100d3e4        0x0 binaries/ready.o
 .data          0x8100d3e4        0x0 binaries/receive.o
 .data          0x8100d3e4        0x0 binaries/recvclr.o
 .data          0x8100d3e4        0x0 binaries/recvtime.o
 .data          0x8100d3e4        0x0 binaries/resched.o
 .data          0x8100d3e4        0x0 binaries/resume.o
 .data          0x8100d3e4        0x0 binaries/seek.o
 .data          0x8100d3e4        0x0 binaries/semcount.o
 .data          0x8100d3e4        0x0 binaries/semcreate.o
 .data          0x8100d3e4        0x0 binaries/semdelete.o
 .data          0x8100d3e4        0x0 binaries/semreset.o
 .data          0x8100d3e4        0x0 binaries/send.o
 .data          0x8100d3e4        0x0 binaries/signal.o
 .data          0x8100d3e4        0x0 binaries/signaln.o
 .data          0x8100d3e4        0x0 binaries/sleep.o
 .data          0x8100d3e4        0x0 binaries/sp804.o
 .data          0x8100d3e4        0x0 binaries/suspend.o
 .data          0x8100d3e4        0x0 binaries/udelay.o
 .data          0x8100d3e4        0x0 binaries/unsleep.o
 .data          0x8100d3e4        0x0 binaries/userret.o
 .data          0x8100d3e4        0x0 binaries/wait.o
 .data          0x8100d3e4        0x0 binaries/wakeup.o
 .data          0x8100d3e4        0x0 binaries/write.o
 .data          0x8100d3e4        0x0 binaries/xdone.o
 .data          0x8100d3e4        0x0 binaries/yield.o
 .data          0x8100d3e4        0x0 binaries/abs.o
 .data          0x8100d3e4        0x0 binaries/atoi.o
 .data          0x8100d3e4        0x0 binaries/atol.o
 .data          0x8100d3e4        0x0 binaries/bzero.o
 .data          0x8100d3e4        0x0 binaries/ctype_.o
 .data          0x8100d3e4        0x0 binaries/doprnt.o
 .data          0x8100d3e4       0x80 binaries/doscan.o
                0x8100d3e4                _sctab
 .data          0x8100d464        0x0 binaries/fdoprnt.o
 .data          0x8100d464        0x0 binaries/fgetc.o
 .data          0x8100d464        0x0 binaries/fgets.o
 .data          0x8100d464        0x0 binaries/fprintf.o
 .data          0x8100d464        0x0 binaries/fputc.o
 .data          0x8100d464        0x0 binaries/fputs.o
 .data          0x8100d464        0x0 binaries/fscanf.o
 .data          0x8100d464        0x0 binaries/getchar.o
 .data          0x8100d464        0x0 binaries/labs.o
 .data          0x8100d464        0x0 binaries/memchr.o
 .data          0x8100d464        0x0 binaries/memcmp.o
 .data          0x8100d464        0x0 binaries/memcpy.o
 .data          0x8100d464        0x0 binaries/memset.o
 .data          0x8100d464        0x0 binaries/printf.o
 .data          0x8100d464        0x0 binaries/putchar.o
 .data          0x8100d464        0x0 binaries/qsort.o
 .data          0x8100d464        0x4 binaries/rand.o
 .data          0x8100d468        0x0 binaries/sprintf.o
 .data          0x8100d468        0x0 binaries/sscanf.o
 .data          0x8100d468        0x0 binaries/strchr.o
 .data          0x8100d468        0x0 binaries/strcmp.o
 .data          0x8100d468        0x0 binaries/strcpy.o
 .data          0x8100d468        0x0 binaries/strlen.o
 .data          0x8100d468        0x0 binaries/strncat.o
 .data          0x8100d468        0x0 binaries/strncmp.o
 .data          0x8100d468        0x0 binaries/strncpy.o
 .data          0x8100d468        0x0 binaries/strnlen.o
 .data          0x8100d468        0x0 binaries/strrchr.o
 .data          0x8100d468        0x0 binaries/strstr.o
 .data          0x8100d468        0x0 binaries/ttycontrol.o
 .data          0x8100d468        0x0 binaries/ttygetc.o
 .data          0x8100d468        0x0 binaries/ttyhandle_in.o
 .data          0x8100d468        0x0 binaries/ttyhandle_out.o
 .data          0x8100d468        0x0 binaries/ttyhandler.o
 .data          0x8100d468        0x0 binaries/ttyinit.o
 .data          0x8100d468        0x0 binaries/ttykickout.o
 .data          0x8100d468        0x0 binaries/ttyputc.o
 .data          0x8100d468        0x0 binaries/ttyread.o
 .data          0x8100d468        0x0 binaries/ttywrite.o
 .data          0x8100d468        0x0 binaries/mount.o
 .data          0x8100d468        0x0 binaries/naminit.o
 .data          0x8100d468        0x0 binaries/nammap.o
 .data          0x8100d468        0x0 binaries/namopen.o
 .data          0x8100d468        0x0 binaries/ramclose.o
 .data          0x8100d468        0x0 binaries/raminit.o
 .data          0x8100d468        0x0 binaries/ramopen.o
 .data          0x8100d468        0x0 binaries/ramread.o
 .data          0x8100d468        0x0 binaries/ramwrite.o
 .data          0x8100d468        0x0 binaries/lfdballoc.o
 .data          0x8100d468        0x0 binaries/lfdbfree.o
 .data          0x8100d468        0x0 binaries/lfflush.o
 .data          0x8100d468        0x0 binaries/lfgetmode.o
 .data          0x8100d468        0x0 binaries/lfiballoc.o
 .data          0x8100d468        0x0 binaries/lfibclear.o
 .data          0x8100d468        0x0 binaries/lfibget.o
 .data          0x8100d468        0x0 binaries/lfibput.o
 .data          0x8100d468        0x0 binaries/lflclose.o
 .data          0x8100d468        0x0 binaries/lflcontrol.o
 .data          0x8100d468        0x0 binaries/lflgetc.o
 .data          0x8100d468        0x0 binaries/lflinit.o
 .data          0x8100d468        0x0 binaries/lflputc.o
 .data          0x8100d468        0x0 binaries/lflread.o
 .data          0x8100d468        0x0 binaries/lflseek.o
 .data          0x8100d468        0x0 binaries/lflwrite.o
 .data          0x8100d468        0x0 binaries/lfsckfmt.o
 .data          0x8100d468        0x0 binaries/lfscreate.o
 .data          0x8100d468        0x0 binaries/lfsetup.o
 .data          0x8100d468        0x0 binaries/lfsinit.o
 .data          0x8100d468        0x0 binaries/lfsopen.o
 .data          0x8100d468        0x0 binaries/lftruncate.o
 .data          0x8100d468        0x0 binaries/kprintf.o
 .data          0x8100d468        0x0 binaries/kvprintf.o
 .data          0x8100d468        0x0 binaries/uartControl.o
 .data          0x8100d468        0x0 binaries/uartGetc.o
 .data          0x8100d468        0x0 binaries/uartInit.o
 .data          0x8100d468        0x0 binaries/uartPutc.o
 .data          0x8100d468        0x0 binaries/uartRead.o
 .data          0x8100d468        0x0 binaries/uartStat.o
 .data          0x8100d468        0x0 binaries/uartWrite.o
 .data          0x8100d468        0x0 binaries/kgetc.o
 .data          0x8100d468        0x0 binaries/kputc.o
 .data          0x8100d468        0x0 binaries/uartHwInit.o
 .data          0x8100d468        0x0 binaries/uartHwPutc.o
 .data          0x8100d468        0x0 binaries/uartHwStat.o
 .data          0x8100d468        0x0 binaries/uartInterrupt.o
 .data          0x8100d468        0x0 binaries/Doxygroup.o
 .data          0x8100d468        0x0 binaries/loopbackClose.o
 .data          0x8100d468        0x0 binaries/loopbackControl.o
 .data          0x8100d468        0x0 binaries/loopbackGetc.o
 .data          0x8100d468        0x0 binaries/loopbackInit.o
 .data          0x8100d468        0x0 binaries/loopbackOpen.o
 .data          0x8100d468        0x0 binaries/loopbackPutc.o
 .data          0x8100d468        0x0 binaries/loopbackRead.o
 .data          0x8100d468        0x0 binaries/loopbackWrite.o
 .data          0x8100d468        0x0 binaries/addargs.o
 .data          0x8100d468        0x0 binaries/lexan.o
 .data          0x8100d468        0x4 binaries/shell.o
                0x8100d468                ncmd
 .data          0x8100d46c        0x0 binaries/xsh_argecho.o
 .data          0x8100d46c        0x0 binaries/xsh_cat.o
 .data          0x8100d46c        0x0 binaries/xsh_clear.o
 .data          0x8100d46c        0x0 binaries/xsh_date.o
 .data          0x8100d46c        0x0 binaries/xsh_devdump.o
 .data          0x8100d46c        0x0 binaries/xsh_echo.o
 .data          0x8100d46c        0x0 binaries/xsh_exit.o
 .data          0x8100d46c        0x0 binaries/xsh_help.o
 .data          0x8100d46c        0x0 binaries/xsh_kill.o
 .data          0x8100d46c        0x0 binaries/xsh_led.o
 .data          0x8100d46c        0x0 binaries/xsh_memdump.o
 .data          0x8100d46c        0x0 binaries/xsh_memstat.o
 .data          0x8100d46c        0x0 binaries/xsh_mmu.o
 .data          0x8100d46c        0x0 binaries/xsh_ps.o
 .data          0x8100d46c        0x0 binaries/xsh_sleep.o
 .data          0x8100d46c        0x0 binaries/xsh_uptime.o
 .data          0x8100d46c        0x0 binaries/consume.o
 .data          0x8100d46c        0x0 binaries/produce.o
 .data          0x8100d46c        0x0 binaries/ctxsw.o
 .data          0x8100d46c        0x0 binaries/intr.o
 .data          0x8100d46c        0x0 binaries/irq_handler.o
 .data          0x8100d46c        0x0 binaries/memory_barrier.o
 .data          0x8100d46c        0x0 binaries/page_fault.o
 .data          0x8100d46c        0x0 /l/arm2/devtools/lib/gcc/arm-none-eabi/4.8.4/libgcc.a(_udivsi3.o)
 .data          0x8100d46c        0x0 /l/arm2/devtools/lib/gcc/arm-none-eabi/4.8.4/libgcc.a(_divsi3.o)
 .data          0x8100d46c        0x0 /l/arm2/devtools/lib/gcc/arm-none-eabi/4.8.4/libgcc.a(_dvmd_tls.o)
                0x8100d46c                edata = ABSOLUTE (.)
                0x8100e000                . = ALIGN (0x1000)
 *fill*         0x8100d46c      0xb94 

.igot.plt       0x8100e000        0x0
 .igot.plt      0x00000000        0x0 binaries/start.o

.bss            0x81010000   0x1b2000
                0x81010000                bss = ABSOLUTE (.)
 *(.bss .bss.*)
 .bss           0x81010000        0x0 binaries/start.o
 .bss           0x81010000        0x0 binaries/ascdate.o
 .bss           0x81010000        0x0 binaries/bufinit.o
 .bss           0x81010000        0x0 binaries/chprio.o
 .bss           0x81010000        0x0 binaries/clkhandler.o
 .bss           0x81010000        0x4 binaries/clkinit.o
                0x81010000                ctr1000
 .bss           0x81010004        0x0 binaries/close.o
 .bss           0x81010004        0x0 binaries/conf.o
 .bss           0x81010004        0x0 binaries/control.o
 .bss           0x81010004        0x0 binaries/create.o
 .bss           0x81010004        0x0 binaries/evec.o
 .bss           0x81010004        0x0 binaries/exit.o
 .bss           0x81010004        0x0 binaries/freebuf.o
 .bss           0x81010004        0x0 binaries/freemem.o
 .bss           0x81010004        0x0 binaries/getbuf.o
 .bss           0x81010004        0x0 binaries/getc.o
 .bss           0x81010004        0x0 binaries/getdev.o
 .bss           0x81010004        0x0 binaries/getitem.o
 .bss           0x81010004        0x0 binaries/getmem.o
 .bss           0x81010004        0x0 binaries/getpid.o
 .bss           0x81010004        0x0 binaries/getprio.o
 .bss           0x81010004        0x0 binaries/getstk.o
 .bss           0x81010004        0x4 binaries/gettime.o
 .bss           0x81010008        0x0 binaries/init.o
 .bss           0x81010008        0x0 binaries/initialize.o
 .bss           0x81010008        0x0 binaries/insert.o
 .bss           0x81010008        0x0 binaries/insertd.o
 .bss           0x81010008        0x0 binaries/ioerr.o
 .bss           0x81010008        0x0 binaries/ionull.o
 .bss           0x81010008        0x0 binaries/kill.o
 .bss           0x81010008        0x0 binaries/main.o
 .bss           0x81010008        0x0 binaries/mark.o
 .bss           0x81010008        0x0 binaries/meminit.o
 .bss           0x81010008        0x0 binaries/mkbufpool.o
 .bss           0x81010008        0x0 binaries/mmu.o
 .bss           0x81010008        0x0 binaries/newqueue.o
 .bss           0x81010008        0x0 binaries/open.o
 .bss           0x81010008        0x0 binaries/panic.o
 .bss           0x81010008        0x0 binaries/pl190.o
 .bss           0x81010008        0x0 binaries/platinit.o
 .bss           0x81010008        0x0 binaries/ptclear.o
 .bss           0x81010008        0x0 binaries/ptcount.o
 .bss           0x81010008        0x0 binaries/ptcreate.o
 .bss           0x81010008        0x0 binaries/ptdelete.o
 .bss           0x81010008        0x0 binaries/ptinit.o
 .bss           0x81010008        0x0 binaries/ptrecv.o
 .bss           0x81010008        0x0 binaries/ptreset.o
 .bss           0x81010008        0x0 binaries/ptsend.o
 .bss           0x81010008        0x0 binaries/putc.o
 .bss           0x81010008        0x0 binaries/queue.o
 .bss           0x81010008        0x0 binaries/read.o
 .bss           0x81010008        0x0 binaries/ready.o
 .bss           0x81010008        0x0 binaries/receive.o
 .bss           0x81010008        0x0 binaries/recvclr.o
 .bss           0x81010008        0x0 binaries/recvtime.o
 .bss           0x81010008        0x0 binaries/resched.o
 .bss           0x81010008        0x0 binaries/resume.o
 .bss           0x81010008        0x0 binaries/seek.o
 .bss           0x81010008        0x0 binaries/semcount.o
 .bss           0x81010008        0x4 binaries/semcreate.o
 .bss           0x8101000c        0x0 binaries/semdelete.o
 .bss           0x8101000c        0x0 binaries/semreset.o
 .bss           0x8101000c        0x0 binaries/send.o
 .bss           0x8101000c        0x0 binaries/signal.o
 .bss           0x8101000c        0x0 binaries/signaln.o
 .bss           0x8101000c        0x0 binaries/sleep.o
 .bss           0x8101000c        0x0 binaries/sp804.o
 .bss           0x8101000c        0x0 binaries/suspend.o
 .bss           0x8101000c        0x0 binaries/udelay.o
 .bss           0x8101000c        0x0 binaries/unsleep.o
 .bss           0x8101000c        0x0 binaries/userret.o
 .bss           0x8101000c        0x0 binaries/wait.o
 .bss           0x8101000c        0x0 binaries/wakeup.o
 .bss           0x8101000c        0x0 binaries/write.o
 .bss           0x8101000c        0x0 binaries/xdone.o
 .bss           0x8101000c        0x0 binaries/yield.o
 .bss           0x8101000c        0x0 binaries/abs.o
 .bss           0x8101000c        0x0 binaries/atoi.o
 .bss           0x8101000c        0x0 binaries/atol.o
 .bss           0x8101000c        0x0 binaries/bzero.o
 .bss           0x8101000c        0x0 binaries/ctype_.o
 .bss           0x8101000c        0x0 binaries/doprnt.o
 .bss           0x8101000c        0x0 binaries/doscan.o
 .bss           0x8101000c        0x0 binaries/fdoprnt.o
 .bss           0x8101000c        0x0 binaries/fgetc.o
 .bss           0x8101000c        0x0 binaries/fgets.o
 .bss           0x8101000c        0x0 binaries/fprintf.o
 .bss           0x8101000c        0x0 binaries/fputc.o
 .bss           0x8101000c        0x0 binaries/fputs.o
 .bss           0x8101000c        0x0 binaries/fscanf.o
 .bss           0x8101000c        0x0 binaries/getchar.o
 .bss           0x8101000c        0x0 binaries/labs.o
 .bss           0x8101000c        0x0 binaries/memchr.o
 .bss           0x8101000c        0x0 binaries/memcmp.o
 .bss           0x8101000c        0x0 binaries/memcpy.o
 .bss           0x8101000c        0x0 binaries/memset.o
 .bss           0x8101000c        0x0 binaries/printf.o
 .bss           0x8101000c        0x0 binaries/putchar.o
 .bss           0x8101000c        0x8 binaries/qsort.o
 .bss           0x81010014        0x0 binaries/rand.o
 .bss           0x81010014        0x0 binaries/sprintf.o
 .bss           0x81010014        0x0 binaries/sscanf.o
 .bss           0x81010014        0x0 binaries/strchr.o
 .bss           0x81010014        0x0 binaries/strcmp.o
 .bss           0x81010014        0x0 binaries/strcpy.o
 .bss           0x81010014        0x0 binaries/strlen.o
 .bss           0x81010014        0x0 binaries/strncat.o
 .bss           0x81010014        0x0 binaries/strncmp.o
 .bss           0x81010014        0x0 binaries/strncpy.o
 .bss           0x81010014        0x0 binaries/strnlen.o
 .bss           0x81010014        0x0 binaries/strrchr.o
 .bss           0x81010014        0x0 binaries/strstr.o
 .bss           0x81010014        0x0 binaries/ttycontrol.o
 .bss           0x81010014        0x0 binaries/ttygetc.o
 .bss           0x81010014        0x0 binaries/ttyhandle_in.o
 .bss           0x81010014        0x0 binaries/ttyhandle_out.o
 .bss           0x81010014        0x0 binaries/ttyhandler.o
 .bss           0x81010014        0x0 binaries/ttyinit.o
 .bss           0x81010014        0x0 binaries/ttykickout.o
 .bss           0x81010014        0x0 binaries/ttyputc.o
 .bss           0x81010014        0x0 binaries/ttyread.o
 .bss           0x81010014        0x0 binaries/ttywrite.o
 .bss           0x81010014        0x0 binaries/mount.o
 .bss           0x81010014        0x0 binaries/naminit.o
 .bss           0x81010014        0x0 binaries/nammap.o
 .bss           0x81010014        0x0 binaries/namopen.o
 .bss           0x81010014        0x0 binaries/ramclose.o
 .bss           0x81010014        0x0 binaries/raminit.o
 .bss           0x81010014        0x0 binaries/ramopen.o
 .bss           0x81010014        0x0 binaries/ramread.o
 .bss           0x81010014        0x0 binaries/ramwrite.o
 .bss           0x81010014        0x0 binaries/lfdballoc.o
 .bss           0x81010014        0x0 binaries/lfdbfree.o
 .bss           0x81010014        0x0 binaries/lfflush.o
 .bss           0x81010014        0x0 binaries/lfgetmode.o
 .bss           0x81010014        0x0 binaries/lfiballoc.o
 .bss           0x81010014        0x0 binaries/lfibclear.o
 .bss           0x81010014        0x0 binaries/lfibget.o
 .bss           0x81010014        0x0 binaries/lfibput.o
 .bss           0x81010014        0x0 binaries/lflclose.o
 .bss           0x81010014        0x0 binaries/lflcontrol.o
 .bss           0x81010014        0x0 binaries/lflgetc.o
 .bss           0x81010014        0x0 binaries/lflinit.o
 .bss           0x81010014        0x0 binaries/lflputc.o
 .bss           0x81010014        0x0 binaries/lflread.o
 .bss           0x81010014        0x0 binaries/lflseek.o
 .bss           0x81010014        0x0 binaries/lflwrite.o
 .bss           0x81010014        0x0 binaries/lfsckfmt.o
 .bss           0x81010014        0x0 binaries/lfscreate.o
 .bss           0x81010014        0x0 binaries/lfsetup.o
 .bss           0x81010014        0x0 binaries/lfsinit.o
 .bss           0x81010014        0x0 binaries/lfsopen.o
 .bss           0x81010014        0x0 binaries/lftruncate.o
 .bss           0x81010014        0x0 binaries/kprintf.o
 .bss           0x81010014        0x0 binaries/kvprintf.o
 .bss           0x81010014        0x0 binaries/uartControl.o
 .bss           0x81010014        0x0 binaries/uartGetc.o
 .bss           0x81010014        0x0 binaries/uartInit.o
 .bss           0x81010014        0x0 binaries/uartPutc.o
 .bss           0x81010014        0x0 binaries/uartRead.o
 .bss           0x81010014        0x0 binaries/uartStat.o
 .bss           0x81010014        0x0 binaries/uartWrite.o
 .bss           0x81010014        0x0 binaries/kgetc.o
 .bss           0x81010014        0x0 binaries/kputc.o
 .bss           0x81010014        0x0 binaries/uartHwInit.o
 .bss           0x81010014        0x0 binaries/uartHwPutc.o
 .bss           0x81010014        0x0 binaries/uartHwStat.o
 .bss           0x81010014        0x0 binaries/uartInterrupt.o
 .bss           0x81010014        0x0 binaries/Doxygroup.o
 .bss           0x81010014        0x0 binaries/loopbackClose.o
 .bss           0x81010014        0x0 binaries/loopbackControl.o
 .bss           0x81010014        0x0 binaries/loopbackGetc.o
 .bss           0x81010014        0x0 binaries/loopbackInit.o
 .bss           0x81010014        0x0 binaries/loopbackOpen.o
 .bss           0x81010014        0x0 binaries/loopbackPutc.o
 .bss           0x81010014        0x0 binaries/loopbackRead.o
 .bss           0x81010014        0x0 binaries/loopbackWrite.o
 .bss           0x81010014        0x0 binaries/addargs.o
 .bss           0x81010014        0x0 binaries/lexan.o
 .bss           0x81010014        0x0 binaries/shell.o
 .bss           0x81010014        0x0 binaries/xsh_argecho.o
 .bss           0x81010014        0x0 binaries/xsh_cat.o
 .bss           0x81010014        0x0 binaries/xsh_clear.o
 .bss           0x81010014        0x0 binaries/xsh_date.o
 .bss           0x81010014        0x0 binaries/xsh_devdump.o
 .bss           0x81010014        0x0 binaries/xsh_echo.o
 .bss           0x81010014        0x0 binaries/xsh_exit.o
 .bss           0x81010014        0x0 binaries/xsh_help.o
 .bss           0x81010014        0x0 binaries/xsh_kill.o
 .bss           0x81010014        0x0 binaries/xsh_led.o
 .bss           0x81010014        0x0 binaries/xsh_memdump.o
 .bss           0x81010014        0x0 binaries/xsh_memstat.o
 .bss           0x81010014        0x0 binaries/xsh_mmu.o
 .bss           0x81010014        0x0 binaries/xsh_ps.o
 .bss           0x81010014        0x0 binaries/xsh_sleep.o
 .bss           0x81010014        0x0 binaries/xsh_uptime.o
 .bss           0x81010014        0x0 binaries/consume.o
 .bss           0x81010014        0x0 binaries/produce.o
 .bss           0x81010014        0x0 binaries/ctxsw.o
 .bss           0x81010014        0x0 binaries/intr.o
 .bss           0x81010014        0x0 binaries/irq_handler.o
 .bss           0x81010014        0x0 binaries/memory_barrier.o
 .bss           0x81010014        0x0 binaries/page_fault.o
 .bss           0x81010014        0x0 /l/arm2/devtools/lib/gcc/arm-none-eabi/4.8.4/libgcc.a(_udivsi3.o)
 .bss           0x81010014        0x0 /l/arm2/devtools/lib/gcc/arm-none-eabi/4.8.4/libgcc.a(_divsi3.o)
 .bss           0x81010014        0x0 /l/arm2/devtools/lib/gcc/arm-none-eabi/4.8.4/libgcc.a(_dvmd_tls.o)
 *(COMMON)
 COMMON         0x81010014       0xf4 binaries/bufinit.o
                0x81010014                buftab
                0x81010104                nbpools
 COMMON         0x81010108       0x10 binaries/clkinit.o
                0x81010108                sleepq
                0x8101010c                clkticks
                0x81010110                preempt
                0x81010114                clktime
 COMMON         0x81010118      0x200 binaries/evec.o
                0x81010118                intc_vector
 COMMON         0x81010318     0x1adc binaries/initialize.o
                0x81010318                platform
                0x81010354                currpid
                0x81010358                proctab
                0x81011938                prcount
                0x8101193c                semtab
                0x81011dec                memlist
 COMMON         0x81011df4        0x4 binaries/main.o
                0x81011df4                cpudelay
 COMMON         0x81011df8       0x58 binaries/mark.o
                0x81011df8                marks
                0x81011e48                nmarks
                0x81011e4c                mkmutex
 COMMON         0x81011e50        0x8 binaries/meminit.o
                0x81011e50                minheap
                0x81011e54                maxheap
 *fill*         0x81011e58     0x21a8 
 COMMON         0x81014000   0x190000 binaries/mmu.o
                0x81014000                page_table
 COMMON         0x811a4000       0x80 binaries/pl190.o
                0x811a4000                interruptVector
 COMMON         0x811a4080      0x2d8 binaries/ptinit.o
                0x811a4080                porttab
                0x811a4350                ptnextid
                0x811a4354                ptfree
 COMMON         0x811a4358      0x980 binaries/queue.o
                0x811a4358                queuetab
 COMMON         0x811a4cd8        0x2 binaries/ready.o
                0x811a4cd8                readylist
 *fill*         0x811a4cda        0x2 
 COMMON         0x811a4cdc        0xc binaries/resched.o
                0x811a4cdc                resdefer
                0x811a4ce0                Defer
 COMMON         0x811a4ce8      0x10c binaries/ttyinit.o
                0x811a4ce8                ttytab
 COMMON         0x811a4df4     0x19a4 binaries/naminit.o
                0x811a4df4                nnames
                0x811a4df8                nametab
 COMMON         0x811a6798    0x19000 binaries/raminit.o
                0x811a6798                Ram
 COMMON         0x811bf798      0xf00 binaries/lflinit.o
                0x811bf798                lfltab
 COMMON         0x811c0698      0x20c binaries/lfsinit.o
                0x811c0698                Lf_data
 COMMON         0x811c08a4      0x83c binaries/uartInit.o
                0x811c08a4                uarttab
 COMMON         0x811c10e0      0x410 binaries/loopbackInit.o
                0x811c10e0                looptab
                0x811c14f0                ebss = ABSOLUTE (.)
                0x811c2000                . = ALIGN (0x1000)
 *fill*         0x811c14f0      0xb10 
 */()
                0x811c2000                end = ABSOLUTE (.)
                0x811c2000                _end = ABSOLUTE (.)
                0x811c2000                . = ALIGN (0x1000)
LOAD binaries/start.o
LOAD binaries/ascdate.o
LOAD binaries/bufinit.o
LOAD binaries/chprio.o
LOAD binaries/clkhandler.o
LOAD binaries/clkinit.o
LOAD binaries/close.o
LOAD binaries/conf.o
LOAD binaries/control.o
LOAD binaries/create.o
LOAD binaries/evec.o
LOAD binaries/exit.o
LOAD binaries/freebuf.o
LOAD binaries/freemem.o
LOAD binaries/getbuf.o
LOAD binaries/getc.o
LOAD binaries/getdev.o
LOAD binaries/getitem.o
LOAD binaries/getmem.o
LOAD binaries/getpid.o
LOAD binaries/getprio.o
LOAD binaries/getstk.o
LOAD binaries/gettime.o
LOAD binaries/init.o
LOAD binaries/initialize.o
LOAD binaries/insert.o
LOAD binaries/insertd.o
LOAD binaries/ioerr.o
LOAD binaries/ionull.o
LOAD binaries/kill.o
LOAD binaries/main.o
LOAD binaries/mark.o
LOAD binaries/meminit.o
LOAD binaries/mkbufpool.o
LOAD binaries/mmu.o
LOAD binaries/newqueue.o
LOAD binaries/open.o
LOAD binaries/panic.o
LOAD binaries/pl190.o
LOAD binaries/platinit.o
LOAD binaries/ptclear.o
LOAD binaries/ptcount.o
LOAD binaries/ptcreate.o
LOAD binaries/ptdelete.o
LOAD binaries/ptinit.o
LOAD binaries/ptrecv.o
LOAD binaries/ptreset.o
LOAD binaries/ptsend.o
LOAD binaries/putc.o
LOAD binaries/queue.o
LOAD binaries/read.o
LOAD binaries/ready.o
LOAD binaries/receive.o
LOAD binaries/recvclr.o
LOAD binaries/recvtime.o
LOAD binaries/resched.o
LOAD binaries/resume.o
LOAD binaries/seek.o
LOAD binaries/semcount.o
LOAD binaries/semcreate.o
LOAD binaries/semdelete.o
LOAD binaries/semreset.o
LOAD binaries/send.o
LOAD binaries/signal.o
LOAD binaries/signaln.o
LOAD binaries/sleep.o
LOAD binaries/sp804.o
LOAD binaries/suspend.o
LOAD binaries/udelay.o
LOAD binaries/unsleep.o
LOAD binaries/userret.o
LOAD binaries/wait.o
LOAD binaries/wakeup.o
LOAD binaries/write.o
LOAD binaries/xdone.o
LOAD binaries/yield.o
LOAD binaries/abs.o
LOAD binaries/atoi.o
LOAD binaries/atol.o
LOAD binaries/bzero.o
LOAD binaries/ctype_.o
LOAD binaries/doprnt.o
LOAD binaries/doscan.o
LOAD binaries/fdoprnt.o
LOAD binaries/fgetc.o
LOAD binaries/fgets.o
LOAD binaries/fprintf.o
LOAD binaries/fputc.o
LOAD binaries/fputs.o
LOAD binaries/fscanf.o
LOAD binaries/getchar.o
LOAD binaries/labs.o
LOAD binaries/memchr.o
LOAD binaries/memcmp.o
LOAD binaries/memcpy.o
LOAD binaries/memset.o
LOAD binaries/printf.o
LOAD binaries/putchar.o
LOAD binaries/qsort.o
LOAD binaries/rand.o
LOAD binaries/sprintf.o
LOAD binaries/sscanf.o
LOAD binaries/strchr.o
LOAD binaries/strcmp.o
LOAD binaries/strcpy.o
LOAD binaries/strlen.o
LOAD binaries/strncat.o
LOAD binaries/strncmp.o
LOAD binaries/strncpy.o
LOAD binaries/strnlen.o
LOAD binaries/strrchr.o
LOAD binaries/strstr.o
LOAD binaries/ttycontrol.o
LOAD binaries/ttygetc.o
LOAD binaries/ttyhandle_in.o
LOAD binaries/ttyhandle_out.o
LOAD binaries/ttyhandler.o
LOAD binaries/ttyinit.o
LOAD binaries/ttykickout.o
LOAD binaries/ttyputc.o
LOAD binaries/ttyread.o
LOAD binaries/ttywrite.o
LOAD binaries/mount.o
LOAD binaries/naminit.o
LOAD binaries/nammap.o
LOAD binaries/namopen.o
LOAD binaries/ramclose.o
LOAD binaries/raminit.o
LOAD binaries/ramopen.o
LOAD binaries/ramread.o
LOAD binaries/ramwrite.o
LOAD binaries/lfdballoc.o
LOAD binaries/lfdbfree.o
LOAD binaries/lfflush.o
LOAD binaries/lfgetmode.o
LOAD binaries/lfiballoc.o
LOAD binaries/lfibclear.o
LOAD binaries/lfibget.o
LOAD binaries/lfibput.o
LOAD binaries/lflclose.o
LOAD binaries/lflcontrol.o
LOAD binaries/lflgetc.o
LOAD binaries/lflinit.o
LOAD binaries/lflputc.o
LOAD binaries/lflread.o
LOAD binaries/lflseek.o
LOAD binaries/lflwrite.o
LOAD binaries/lfsckfmt.o
LOAD binaries/lfscreate.o
LOAD binaries/lfsetup.o
LOAD binaries/lfsinit.o
LOAD binaries/lfsopen.o
LOAD binaries/lftruncate.o
LOAD binaries/kprintf.o
LOAD binaries/kvprintf.o
LOAD binaries/uartControl.o
LOAD binaries/uartGetc.o
LOAD binaries/uartInit.o
LOAD binaries/uartPutc.o
LOAD binaries/uartRead.o
LOAD binaries/uartStat.o
LOAD binaries/uartWrite.o
LOAD binaries/kgetc.o
LOAD binaries/kputc.o
LOAD binaries/uartHwInit.o
LOAD binaries/uartHwPutc.o
LOAD binaries/uartHwStat.o
LOAD binaries/uartInterrupt.o
LOAD binaries/Doxygroup.o
LOAD binaries/loopbackClose.o
LOAD binaries/loopbackControl.o
LOAD binaries/loopbackGetc.o
LOAD binaries/loopbackInit.o
LOAD binaries/loopbackOpen.o
LOAD binaries/loopbackPutc.o
LOAD binaries/loopbackRead.o
LOAD binaries/loopbackWrite.o
LOAD binaries/addargs.o
LOAD binaries/lexan.o
LOAD binaries/shell.o
LOAD binaries/xsh_argecho.o
LOAD binaries/xsh_cat.o
LOAD binaries/xsh_clear.o
LOAD binaries/xsh_date.o
LOAD binaries/xsh_devdump.o
LOAD binaries/xsh_echo.o
LOAD binaries/xsh_exit.o
LOAD binaries/xsh_help.o
LOAD binaries/xsh_kill.o
LOAD binaries/xsh_led.o
LOAD binaries/xsh_memdump.o
LOAD binaries/xsh_memstat.o
LOAD binaries/xsh_mmu.o
LOAD binaries/xsh_ps.o
LOAD binaries/xsh_sleep.o
LOAD binaries/xsh_uptime.o
LOAD binaries/consume.o
LOAD binaries/produce.o
LOAD binaries/ctxsw.o
LOAD binaries/intr.o
LOAD binaries/irq_handler.o
LOAD binaries/memory_barrier.o
LOAD binaries/page_fault.o
LOAD /l/arm2/devtools/lib/gcc/arm-none-eabi/4.8.4/libgcc.a
OUTPUT(../compile/xinu elf32-littlearm)

.ARM.attributes
                0x00000000       0x31
 .ARM.attributes
                0x00000000       0x25 binaries/start.o
 .ARM.attributes
                0x00000025       0x35 binaries/ascdate.o
 .ARM.attributes
                0x0000005a       0x35 binaries/bufinit.o
 .ARM.attributes
                0x0000008f       0x35 binaries/chprio.o
 .ARM.attributes
                0x000000c4       0x35 binaries/clkhandler.o
 .ARM.attributes
                0x000000f9       0x35 binaries/clkinit.o
 .ARM.attributes
                0x0000012e       0x35 binaries/close.o
 .ARM.attributes
                0x00000163       0x35 binaries/conf.o
 .ARM.attributes
                0x00000198       0x35 binaries/control.o
 .ARM.attributes
                0x000001cd       0x35 binaries/create.o
 .ARM.attributes
                0x00000202       0x35 binaries/evec.o
 .ARM.attributes
                0x00000237       0x35 binaries/exit.o
 .ARM.attributes
                0x0000026c       0x35 binaries/freebuf.o
 .ARM.attributes
                0x000002a1       0x35 binaries/freemem.o
 .ARM.attributes
                0x000002d6       0x35 binaries/getbuf.o
 .ARM.attributes
                0x0000030b       0x35 binaries/getc.o
 .ARM.attributes
                0x00000340       0x35 binaries/getdev.o
 .ARM.attributes
                0x00000375       0x35 binaries/getitem.o
 .ARM.attributes
                0x000003aa       0x35 binaries/getmem.o
 .ARM.attributes
                0x000003df       0x35 binaries/getpid.o
 .ARM.attributes
                0x00000414       0x35 binaries/getprio.o
 .ARM.attributes
                0x00000449       0x35 binaries/getstk.o
 .ARM.attributes
                0x0000047e       0x35 binaries/gettime.o
 .ARM.attributes
                0x000004b3       0x35 binaries/init.o
 .ARM.attributes
                0x000004e8       0x35 binaries/initialize.o
 .ARM.attributes
                0x0000051d       0x35 binaries/insert.o
 .ARM.attributes
                0x00000552       0x35 binaries/insertd.o
 .ARM.attributes
                0x00000587       0x35 binaries/ioerr.o
 .ARM.attributes
                0x000005bc       0x35 binaries/ionull.o
 .ARM.attributes
                0x000005f1       0x35 binaries/kill.o
 .ARM.attributes
                0x00000626       0x35 binaries/main.o
 .ARM.attributes
                0x0000065b       0x35 binaries/mark.o
 .ARM.attributes
                0x00000690       0x35 binaries/meminit.o
 .ARM.attributes
                0x000006c5       0x35 binaries/mkbufpool.o
 .ARM.attributes
                0x000006fa       0x35 binaries/mmu.o
 .ARM.attributes
                0x0000072f       0x35 binaries/newqueue.o
 .ARM.attributes
                0x00000764       0x35 binaries/open.o
 .ARM.attributes
                0x00000799       0x35 binaries/panic.o
 .ARM.attributes
                0x000007ce       0x35 binaries/pl190.o
 .ARM.attributes
                0x00000803       0x35 binaries/platinit.o
 .ARM.attributes
                0x00000838       0x35 binaries/ptclear.o
 .ARM.attributes
                0x0000086d       0x35 binaries/ptcount.o
 .ARM.attributes
                0x000008a2       0x35 binaries/ptcreate.o
 .ARM.attributes
                0x000008d7       0x35 binaries/ptdelete.o
 .ARM.attributes
                0x0000090c       0x35 binaries/ptinit.o
 .ARM.attributes
                0x00000941       0x35 binaries/ptrecv.o
 .ARM.attributes
                0x00000976       0x35 binaries/ptreset.o
 .ARM.attributes
                0x000009ab       0x35 binaries/ptsend.o
 .ARM.attributes
                0x000009e0       0x35 binaries/putc.o
 .ARM.attributes
                0x00000a15       0x35 binaries/queue.o
 .ARM.attributes
                0x00000a4a       0x35 binaries/read.o
 .ARM.attributes
                0x00000a7f       0x35 binaries/ready.o
 .ARM.attributes
                0x00000ab4       0x35 binaries/receive.o
 .ARM.attributes
                0x00000ae9       0x35 binaries/recvclr.o
 .ARM.attributes
                0x00000b1e       0x35 binaries/recvtime.o
 .ARM.attributes
                0x00000b53       0x35 binaries/resched.o
 .ARM.attributes
                0x00000b88       0x35 binaries/resume.o
 .ARM.attributes
                0x00000bbd       0x35 binaries/seek.o
 .ARM.attributes
                0x00000bf2       0x35 binaries/semcount.o
 .ARM.attributes
                0x00000c27       0x35 binaries/semcreate.o
 .ARM.attributes
                0x00000c5c       0x35 binaries/semdelete.o
 .ARM.attributes
                0x00000c91       0x35 binaries/semreset.o
 .ARM.attributes
                0x00000cc6       0x35 binaries/send.o
 .ARM.attributes
                0x00000cfb       0x35 binaries/signal.o
 .ARM.attributes
                0x00000d30       0x35 binaries/signaln.o
 .ARM.attributes
                0x00000d65       0x35 binaries/sleep.o
 .ARM.attributes
                0x00000d9a       0x35 binaries/sp804.o
 .ARM.attributes
                0x00000dcf       0x35 binaries/suspend.o
 .ARM.attributes
                0x00000e04       0x35 binaries/udelay.o
 .ARM.attributes
                0x00000e39       0x35 binaries/unsleep.o
 .ARM.attributes
                0x00000e6e       0x35 binaries/userret.o
 .ARM.attributes
                0x00000ea3       0x35 binaries/wait.o
 .ARM.attributes
                0x00000ed8       0x35 binaries/wakeup.o
 .ARM.attributes
                0x00000f0d       0x35 binaries/write.o
 .ARM.attributes
                0x00000f42       0x35 binaries/xdone.o
 .ARM.attributes
                0x00000f77       0x35 binaries/yield.o
 .ARM.attributes
                0x00000fac       0x35 binaries/abs.o
 .ARM.attributes
                0x00000fe1       0x35 binaries/atoi.o
 .ARM.attributes
                0x00001016       0x35 binaries/atol.o
 .ARM.attributes
                0x0000104b       0x35 binaries/bzero.o
 .ARM.attributes
                0x00001080       0x35 binaries/ctype_.o
 .ARM.attributes
                0x000010b5       0x35 binaries/doprnt.o
 .ARM.attributes
                0x000010ea       0x35 binaries/doscan.o
 .ARM.attributes
                0x0000111f       0x35 binaries/fdoprnt.o
 .ARM.attributes
                0x00001154       0x35 binaries/fgetc.o
 .ARM.attributes
                0x00001189       0x35 binaries/fgets.o
 .ARM.attributes
                0x000011be       0x35 binaries/fprintf.o
 .ARM.attributes
                0x000011f3       0x35 binaries/fputc.o
 .ARM.attributes
                0x00001228       0x35 binaries/fputs.o
 .ARM.attributes
                0x0000125d       0x35 binaries/fscanf.o
 .ARM.attributes
                0x00001292       0x35 binaries/getchar.o
 .ARM.attributes
                0x000012c7       0x35 binaries/labs.o
 .ARM.attributes
                0x000012fc       0x35 binaries/memchr.o
 .ARM.attributes
                0x00001331       0x35 binaries/memcmp.o
 .ARM.attributes
                0x00001366       0x35 binaries/memcpy.o
 .ARM.attributes
                0x0000139b       0x35 binaries/memset.o
 .ARM.attributes
                0x000013d0       0x35 binaries/printf.o
 .ARM.attributes
                0x00001405       0x35 binaries/putchar.o
 .ARM.attributes
                0x0000143a       0x35 binaries/qsort.o
 .ARM.attributes
                0x0000146f       0x35 binaries/rand.o
 .ARM.attributes
                0x000014a4       0x35 binaries/sprintf.o
 .ARM.attributes
                0x000014d9       0x35 binaries/sscanf.o
 .ARM.attributes
                0x0000150e       0x35 binaries/strchr.o
 .ARM.attributes
                0x00001543       0x35 binaries/strcmp.o
 .ARM.attributes
                0x00001578       0x35 binaries/strcpy.o
 .ARM.attributes
                0x000015ad       0x35 binaries/strlen.o
 .ARM.attributes
                0x000015e2       0x35 binaries/strncat.o
 .ARM.attributes
                0x00001617       0x35 binaries/strncmp.o
 .ARM.attributes
                0x0000164c       0x35 binaries/strncpy.o
 .ARM.attributes
                0x00001681       0x35 binaries/strnlen.o
 .ARM.attributes
                0x000016b6       0x35 binaries/strrchr.o
 .ARM.attributes
                0x000016eb       0x35 binaries/strstr.o
 .ARM.attributes
                0x00001720       0x35 binaries/ttycontrol.o
 .ARM.attributes
                0x00001755       0x35 binaries/ttygetc.o
 .ARM.attributes
                0x0000178a       0x35 binaries/ttyhandle_in.o
 .ARM.attributes
                0x000017bf       0x35 binaries/ttyhandle_out.o
 .ARM.attributes
                0x000017f4       0x35 binaries/ttyhandler.o
 .ARM.attributes
                0x00001829       0x35 binaries/ttyinit.o
 .ARM.attributes
                0x0000185e       0x35 binaries/ttykickout.o
 .ARM.attributes
                0x00001893       0x35 binaries/ttyputc.o
 .ARM.attributes
                0x000018c8       0x35 binaries/ttyread.o
 .ARM.attributes
                0x000018fd       0x35 binaries/ttywrite.o
 .ARM.attributes
                0x00001932       0x35 binaries/mount.o
 .ARM.attributes
                0x00001967       0x35 binaries/naminit.o
 .ARM.attributes
                0x0000199c       0x35 binaries/nammap.o
 .ARM.attributes
                0x000019d1       0x35 binaries/namopen.o
 .ARM.attributes
                0x00001a06       0x35 binaries/ramclose.o
 .ARM.attributes
                0x00001a3b       0x35 binaries/raminit.o
 .ARM.attributes
                0x00001a70       0x35 binaries/ramopen.o
 .ARM.attributes
                0x00001aa5       0x35 binaries/ramread.o
 .ARM.attributes
                0x00001ada       0x35 binaries/ramwrite.o
 .ARM.attributes
                0x00001b0f       0x35 binaries/lfdballoc.o
 .ARM.attributes
                0x00001b44       0x35 binaries/lfdbfree.o
 .ARM.attributes
                0x00001b79       0x35 binaries/lfflush.o
 .ARM.attributes
                0x00001bae       0x35 binaries/lfgetmode.o
 .ARM.attributes
                0x00001be3       0x35 binaries/lfiballoc.o
 .ARM.attributes
                0x00001c18       0x35 binaries/lfibclear.o
 .ARM.attributes
                0x00001c4d       0x35 binaries/lfibget.o
 .ARM.attributes
                0x00001c82       0x35 binaries/lfibput.o
 .ARM.attributes
                0x00001cb7       0x35 binaries/lflclose.o
 .ARM.attributes
                0x00001cec       0x35 binaries/lflcontrol.o
 .ARM.attributes
                0x00001d21       0x35 binaries/lflgetc.o
 .ARM.attributes
                0x00001d56       0x35 binaries/lflinit.o
 .ARM.attributes
                0x00001d8b       0x35 binaries/lflputc.o
 .ARM.attributes
                0x00001dc0       0x35 binaries/lflread.o
 .ARM.attributes
                0x00001df5       0x35 binaries/lflseek.o
 .ARM.attributes
                0x00001e2a       0x35 binaries/lflwrite.o
 .ARM.attributes
                0x00001e5f       0x35 binaries/lfsckfmt.o
 .ARM.attributes
                0x00001e94       0x35 binaries/lfscreate.o
 .ARM.attributes
                0x00001ec9       0x35 binaries/lfsetup.o
 .ARM.attributes
                0x00001efe       0x35 binaries/lfsinit.o
 .ARM.attributes
                0x00001f33       0x35 binaries/lfsopen.o
 .ARM.attributes
                0x00001f68       0x35 binaries/lftruncate.o
 .ARM.attributes
                0x00001f9d       0x35 binaries/kprintf.o
 .ARM.attributes
                0x00001fd2       0x35 binaries/kvprintf.o
 .ARM.attributes
                0x00002007       0x35 binaries/uartControl.o
 .ARM.attributes
                0x0000203c       0x35 binaries/uartGetc.o
 .ARM.attributes
                0x00002071       0x35 binaries/uartInit.o
 .ARM.attributes
                0x000020a6       0x35 binaries/uartPutc.o
 .ARM.attributes
                0x000020db       0x35 binaries/uartRead.o
 .ARM.attributes
                0x00002110       0x35 binaries/uartStat.o
 .ARM.attributes
                0x00002145       0x35 binaries/uartWrite.o
 .ARM.attributes
                0x0000217a       0x35 binaries/kgetc.o
 .ARM.attributes
                0x000021af       0x35 binaries/kputc.o
 .ARM.attributes
                0x000021e4       0x35 binaries/uartHwInit.o
 .ARM.attributes
                0x00002219       0x35 binaries/uartHwPutc.o
 .ARM.attributes
                0x0000224e       0x35 binaries/uartHwStat.o
 .ARM.attributes
                0x00002283       0x35 binaries/uartInterrupt.o
 .ARM.attributes
                0x000022b8       0x35 binaries/Doxygroup.o
 .ARM.attributes
                0x000022ed       0x35 binaries/loopbackClose.o
 .ARM.attributes
                0x00002322       0x35 binaries/loopbackControl.o
 .ARM.attributes
                0x00002357       0x35 binaries/loopbackGetc.o
 .ARM.attributes
                0x0000238c       0x35 binaries/loopbackInit.o
 .ARM.attributes
                0x000023c1       0x35 binaries/loopbackOpen.o
 .ARM.attributes
                0x000023f6       0x35 binaries/loopbackPutc.o
 .ARM.attributes
                0x0000242b       0x35 binaries/loopbackRead.o
 .ARM.attributes
                0x00002460       0x35 binaries/loopbackWrite.o
 .ARM.attributes
                0x00002495       0x35 binaries/addargs.o
 .ARM.attributes
                0x000024ca       0x35 binaries/lexan.o
 .ARM.attributes
                0x000024ff       0x35 binaries/shell.o
 .ARM.attributes
                0x00002534       0x35 binaries/xsh_argecho.o
 .ARM.attributes
                0x00002569       0x35 binaries/xsh_cat.o
 .ARM.attributes
                0x0000259e       0x35 binaries/xsh_clear.o
 .ARM.attributes
                0x000025d3       0x35 binaries/xsh_date.o
 .ARM.attributes
                0x00002608       0x35 binaries/xsh_devdump.o
 .ARM.attributes
                0x0000263d       0x35 binaries/xsh_echo.o
 .ARM.attributes
                0x00002672       0x35 binaries/xsh_exit.o
 .ARM.attributes
                0x000026a7       0x35 binaries/xsh_help.o
 .ARM.attributes
                0x000026dc       0x35 binaries/xsh_kill.o
 .ARM.attributes
                0x00002711       0x35 binaries/xsh_led.o
 .ARM.attributes
                0x00002746       0x35 binaries/xsh_memdump.o
 .ARM.attributes
                0x0000277b       0x35 binaries/xsh_memstat.o
 .ARM.attributes
                0x000027b0       0x35 binaries/xsh_mmu.o
 .ARM.attributes
                0x000027e5       0x35 binaries/xsh_ps.o
 .ARM.attributes
                0x0000281a       0x35 binaries/xsh_sleep.o
 .ARM.attributes
                0x0000284f       0x35 binaries/xsh_uptime.o
 .ARM.attributes
                0x00002884       0x35 binaries/consume.o
 .ARM.attributes
                0x000028b9       0x35 binaries/produce.o
 .ARM.attributes
                0x000028ee       0x25 binaries/ctxsw.o
 .ARM.attributes
                0x00002913       0x25 binaries/intr.o
 .ARM.attributes
                0x00002938       0x25 binaries/irq_handler.o
 .ARM.attributes
                0x0000295d       0x25 binaries/memory_barrier.o
 .ARM.attributes
                0x00002982       0x25 binaries/page_fault.o
 .ARM.attributes
                0x000029a7       0x18 /l/arm2/devtools/lib/gcc/arm-none-eabi/4.8.4/libgcc.a(_udivsi3.o)
 .ARM.attributes
                0x000029bf       0x18 /l/arm2/devtools/lib/gcc/arm-none-eabi/4.8.4/libgcc.a(_divsi3.o)
 .ARM.attributes
                0x000029d7       0x18 /l/arm2/devtools/lib/gcc/arm-none-eabi/4.8.4/libgcc.a(_dvmd_tls.o)

.comment        0x00000000       0x70
 .comment       0x00000000       0x70 binaries/ascdate.o
                                 0x71 (size before relaxing)
 .comment       0x00000000       0x71 binaries/bufinit.o
 .comment       0x00000000       0x71 binaries/chprio.o
 .comment       0x00000000       0x71 binaries/clkhandler.o
 .comment       0x00000000       0x71 binaries/clkinit.o
 .comment       0x00000000       0x71 binaries/close.o
 .comment       0x00000000       0x71 binaries/conf.o
 .comment       0x00000000       0x71 binaries/control.o
 .comment       0x00000000       0x71 binaries/create.o
 .comment       0x00000000       0x71 binaries/evec.o
 .comment       0x00000000       0x71 binaries/exit.o
 .comment       0x00000000       0x71 binaries/freebuf.o
 .comment       0x00000000       0x71 binaries/freemem.o
 .comment       0x00000000       0x71 binaries/getbuf.o
 .comment       0x00000000       0x71 binaries/getc.o
 .comment       0x00000000       0x71 binaries/getdev.o
 .comment       0x00000000       0x71 binaries/getitem.o
 .comment       0x00000000       0x71 binaries/getmem.o
 .comment       0x00000000       0x71 binaries/getpid.o
 .comment       0x00000000       0x71 binaries/getprio.o
 .comment       0x00000000       0x71 binaries/getstk.o
 .comment       0x00000000       0x71 binaries/gettime.o
 .comment       0x00000000       0x71 binaries/init.o
 .comment       0x00000000       0x71 binaries/initialize.o
 .comment       0x00000000       0x71 binaries/insert.o
 .comment       0x00000000       0x71 binaries/insertd.o
 .comment       0x00000000       0x71 binaries/ioerr.o
 .comment       0x00000000       0x71 binaries/ionull.o
 .comment       0x00000000       0x71 binaries/kill.o
 .comment       0x00000000       0x71 binaries/main.o
 .comment       0x00000000       0x71 binaries/mark.o
 .comment       0x00000000       0x71 binaries/meminit.o
 .comment       0x00000000       0x71 binaries/mkbufpool.o
 .comment       0x00000000       0x71 binaries/mmu.o
 .comment       0x00000000       0x71 binaries/newqueue.o
 .comment       0x00000000       0x71 binaries/open.o
 .comment       0x00000000       0x71 binaries/panic.o
 .comment       0x00000000       0x71 binaries/pl190.o
 .comment       0x00000000       0x71 binaries/platinit.o
 .comment       0x00000000       0x71 binaries/ptclear.o
 .comment       0x00000000       0x71 binaries/ptcount.o
 .comment       0x00000000       0x71 binaries/ptcreate.o
 .comment       0x00000000       0x71 binaries/ptdelete.o
 .comment       0x00000000       0x71 binaries/ptinit.o
 .comment       0x00000000       0x71 binaries/ptrecv.o
 .comment       0x00000000       0x71 binaries/ptreset.o
 .comment       0x00000000       0x71 binaries/ptsend.o
 .comment       0x00000000       0x71 binaries/putc.o
 .comment       0x00000000       0x71 binaries/queue.o
 .comment       0x00000000       0x71 binaries/read.o
 .comment       0x00000000       0x71 binaries/ready.o
 .comment       0x00000000       0x71 binaries/receive.o
 .comment       0x00000000       0x71 binaries/recvclr.o
 .comment       0x00000000       0x71 binaries/recvtime.o
 .comment       0x00000000       0x71 binaries/resched.o
 .comment       0x00000000       0x71 binaries/resume.o
 .comment       0x00000000       0x71 binaries/seek.o
 .comment       0x00000000       0x71 binaries/semcount.o
 .comment       0x00000000       0x71 binaries/semcreate.o
 .comment       0x00000000       0x71 binaries/semdelete.o
 .comment       0x00000000       0x71 binaries/semreset.o
 .comment       0x00000000       0x71 binaries/send.o
 .comment       0x00000000       0x71 binaries/signal.o
 .comment       0x00000000       0x71 binaries/signaln.o
 .comment       0x00000000       0x71 binaries/sleep.o
 .comment       0x00000000       0x71 binaries/sp804.o
 .comment       0x00000000       0x71 binaries/suspend.o
 .comment       0x00000000       0x71 binaries/udelay.o
 .comment       0x00000000       0x71 binaries/unsleep.o
 .comment       0x00000000       0x71 binaries/userret.o
 .comment       0x00000000       0x71 binaries/wait.o
 .comment       0x00000000       0x71 binaries/wakeup.o
 .comment       0x00000000       0x71 binaries/write.o
 .comment       0x00000000       0x71 binaries/xdone.o
 .comment       0x00000000       0x71 binaries/yield.o
 .comment       0x00000000       0x71 binaries/abs.o
 .comment       0x00000000       0x71 binaries/atoi.o
 .comment       0x00000000       0x71 binaries/atol.o
 .comment       0x00000000       0x71 binaries/bzero.o
 .comment       0x00000000       0x71 binaries/ctype_.o
 .comment       0x00000000       0x71 binaries/doprnt.o
 .comment       0x00000000       0x71 binaries/doscan.o
 .comment       0x00000000       0x71 binaries/fdoprnt.o
 .comment       0x00000000       0x71 binaries/fgetc.o
 .comment       0x00000000       0x71 binaries/fgets.o
 .comment       0x00000000       0x71 binaries/fprintf.o
 .comment       0x00000000       0x71 binaries/fputc.o
 .comment       0x00000000       0x71 binaries/fputs.o
 .comment       0x00000000       0x71 binaries/fscanf.o
 .comment       0x00000000       0x71 binaries/getchar.o
 .comment       0x00000000       0x71 binaries/labs.o
 .comment       0x00000000       0x71 binaries/memchr.o
 .comment       0x00000000       0x71 binaries/memcmp.o
 .comment       0x00000000       0x71 binaries/memcpy.o
 .comment       0x00000000       0x71 binaries/memset.o
 .comment       0x00000000       0x71 binaries/printf.o
 .comment       0x00000000       0x71 binaries/putchar.o
 .comment       0x00000000       0x71 binaries/qsort.o
 .comment       0x00000000       0x71 binaries/rand.o
 .comment       0x00000000       0x71 binaries/sprintf.o
 .comment       0x00000000       0x71 binaries/sscanf.o
 .comment       0x00000000       0x71 binaries/strchr.o
 .comment       0x00000000       0x71 binaries/strcmp.o
 .comment       0x00000000       0x71 binaries/strcpy.o
 .comment       0x00000000       0x71 binaries/strlen.o
 .comment       0x00000000       0x71 binaries/strncat.o
 .comment       0x00000000       0x71 binaries/strncmp.o
 .comment       0x00000000       0x71 binaries/strncpy.o
 .comment       0x00000000       0x71 binaries/strnlen.o
 .comment       0x00000000       0x71 binaries/strrchr.o
 .comment       0x00000000       0x71 binaries/strstr.o
 .comment       0x00000000       0x71 binaries/ttycontrol.o
 .comment       0x00000000       0x71 binaries/ttygetc.o
 .comment       0x00000000       0x71 binaries/ttyhandle_in.o
 .comment       0x00000000       0x71 binaries/ttyhandle_out.o
 .comment       0x00000000       0x71 binaries/ttyhandler.o
 .comment       0x00000000       0x71 binaries/ttyinit.o
 .comment       0x00000000       0x71 binaries/ttykickout.o
 .comment       0x00000000       0x71 binaries/ttyputc.o
 .comment       0x00000000       0x71 binaries/ttyread.o
 .comment       0x00000000       0x71 binaries/ttywrite.o
 .comment       0x00000000       0x71 binaries/mount.o
 .comment       0x00000000       0x71 binaries/naminit.o
 .comment       0x00000000       0x71 binaries/nammap.o
 .comment       0x00000000       0x71 binaries/namopen.o
 .comment       0x00000000       0x71 binaries/ramclose.o
 .comment       0x00000000       0x71 binaries/raminit.o
 .comment       0x00000000       0x71 binaries/ramopen.o
 .comment       0x00000000       0x71 binaries/ramread.o
 .comment       0x00000000       0x71 binaries/ramwrite.o
 .comment       0x00000000       0x71 binaries/lfdballoc.o
 .comment       0x00000000       0x71 binaries/lfdbfree.o
 .comment       0x00000000       0x71 binaries/lfflush.o
 .comment       0x00000000       0x71 binaries/lfgetmode.o
 .comment       0x00000000       0x71 binaries/lfiballoc.o
 .comment       0x00000000       0x71 binaries/lfibclear.o
 .comment       0x00000000       0x71 binaries/lfibget.o
 .comment       0x00000000       0x71 binaries/lfibput.o
 .comment       0x00000000       0x71 binaries/lflclose.o
 .comment       0x00000000       0x71 binaries/lflcontrol.o
 .comment       0x00000000       0x71 binaries/lflgetc.o
 .comment       0x00000000       0x71 binaries/lflinit.o
 .comment       0x00000000       0x71 binaries/lflputc.o
 .comment       0x00000000       0x71 binaries/lflread.o
 .comment       0x00000000       0x71 binaries/lflseek.o
 .comment       0x00000000       0x71 binaries/lflwrite.o
 .comment       0x00000000       0x71 binaries/lfsckfmt.o
 .comment       0x00000000       0x71 binaries/lfscreate.o
 .comment       0x00000000       0x71 binaries/lfsetup.o
 .comment       0x00000000       0x71 binaries/lfsinit.o
 .comment       0x00000000       0x71 binaries/lfsopen.o
 .comment       0x00000000       0x71 binaries/lftruncate.o
 .comment       0x00000000       0x71 binaries/kprintf.o
 .comment       0x00000000       0x71 binaries/kvprintf.o
 .comment       0x00000000       0x71 binaries/uartControl.o
 .comment       0x00000000       0x71 binaries/uartGetc.o
 .comment       0x00000000       0x71 binaries/uartInit.o
 .comment       0x00000000       0x71 binaries/uartPutc.o
 .comment       0x00000000       0x71 binaries/uartRead.o
 .comment       0x00000000       0x71 binaries/uartStat.o
 .comment       0x00000000       0x71 binaries/uartWrite.o
 .comment       0x00000000       0x71 binaries/kgetc.o
 .comment       0x00000000       0x71 binaries/kputc.o
 .comment       0x00000000       0x71 binaries/uartHwInit.o
 .comment       0x00000000       0x71 binaries/uartHwPutc.o
 .comment       0x00000000       0x71 binaries/uartHwStat.o
 .comment       0x00000000       0x71 binaries/uartInterrupt.o
 .comment       0x00000000       0x71 binaries/Doxygroup.o
 .comment       0x00000000       0x71 binaries/loopbackClose.o
 .comment       0x00000000       0x71 binaries/loopbackControl.o
 .comment       0x00000000       0x71 binaries/loopbackGetc.o
 .comment       0x00000000       0x71 binaries/loopbackInit.o
 .comment       0x00000000       0x71 binaries/loopbackOpen.o
 .comment       0x00000000       0x71 binaries/loopbackPutc.o
 .comment       0x00000000       0x71 binaries/loopbackRead.o
 .comment       0x00000000       0x71 binaries/loopbackWrite.o
 .comment       0x00000000       0x71 binaries/addargs.o
 .comment       0x00000000       0x71 binaries/lexan.o
 .comment       0x00000000       0x71 binaries/shell.o
 .comment       0x00000000       0x71 binaries/xsh_argecho.o
 .comment       0x00000000       0x71 binaries/xsh_cat.o
 .comment       0x00000000       0x71 binaries/xsh_clear.o
 .comment       0x00000000       0x71 binaries/xsh_date.o
 .comment       0x00000000       0x71 binaries/xsh_devdump.o
 .comment       0x00000000       0x71 binaries/xsh_echo.o
 .comment       0x00000000       0x71 binaries/xsh_exit.o
 .comment       0x00000000       0x71 binaries/xsh_help.o
 .comment       0x00000000       0x71 binaries/xsh_kill.o
 .comment       0x00000000       0x71 binaries/xsh_led.o
 .comment       0x00000000       0x71 binaries/xsh_memdump.o
 .comment       0x00000000       0x71 binaries/xsh_memstat.o
 .comment       0x00000000       0x71 binaries/xsh_mmu.o
 .comment       0x00000000       0x71 binaries/xsh_ps.o
 .comment       0x00000000       0x71 binaries/xsh_sleep.o
 .comment       0x00000000       0x71 binaries/xsh_uptime.o
 .comment       0x00000000       0x71 binaries/consume.o
 .comment       0x00000000       0x71 binaries/produce.o

.debug_line     0x00000000    0x181c5
 .debug_line    0x00000000       0x75 binaries/start.o
 .debug_line    0x00000075      0x2a3 binaries/ascdate.o
 .debug_line    0x00000318      0x222 binaries/bufinit.o
 .debug_line    0x0000053a      0x230 binaries/chprio.o
 .debug_line    0x0000076a      0x24c binaries/clkhandler.o
 .debug_line    0x000009b6      0x241 binaries/clkinit.o
 .debug_line    0x00000bf7      0x227 binaries/close.o
 .debug_line    0x00000e1e      0x20e binaries/conf.o
 .debug_line    0x0000102c      0x229 binaries/control.o
 .debug_line    0x00001255      0x28b binaries/create.o
 .debug_line    0x000014e0      0x231 binaries/evec.o
 .debug_line    0x00001711      0x21e binaries/exit.o
 .debug_line    0x0000192f      0x234 binaries/freebuf.o
 .debug_line    0x00001b63      0x24e binaries/freemem.o
 .debug_line    0x00001db1      0x231 binaries/getbuf.o
 .debug_line    0x00001fe2      0x226 binaries/getc.o
 .debug_line    0x00002208      0x228 binaries/getdev.o
 .debug_line    0x00002430      0x234 binaries/getitem.o
 .debug_line    0x00002664      0x24b binaries/getmem.o
 .debug_line    0x000028af      0x220 binaries/getpid.o
 .debug_line    0x00002acf      0x22f binaries/getprio.o
 .debug_line    0x00002cfe      0x23a binaries/getstk.o
 .debug_line    0x00002f38      0x228 binaries/gettime.o
 .debug_line    0x00003160      0x226 binaries/init.o
 .debug_line    0x00003386      0x2a2 binaries/initialize.o
 .debug_line    0x00003628      0x238 binaries/insert.o
 .debug_line    0x00003860      0x251 binaries/insertd.o
 .debug_line    0x00003ab1      0x21f binaries/ioerr.o
 .debug_line    0x00003cd0      0x220 binaries/ionull.o
 .debug_line    0x00003ef0      0x23b binaries/kill.o
 .debug_line    0x0000412b      0x23b binaries/main.o
 .debug_line    0x00004366      0x236 binaries/mark.o
 .debug_line    0x0000459c      0x225 binaries/meminit.o
 .debug_line    0x000047c1      0x24f binaries/mkbufpool.o
 .debug_line    0x00004a10      0x279 binaries/mmu.o
 .debug_line    0x00004c89      0x231 binaries/newqueue.o
 .debug_line    0x00004eba      0x226 binaries/open.o
 .debug_line    0x000050e0      0x220 binaries/panic.o
 .debug_line    0x00005300      0x243 binaries/pl190.o
 .debug_line    0x00005543      0x278 binaries/platinit.o
 .debug_line    0x000057bb      0x237 binaries/ptclear.o
 .debug_line    0x000059f2      0x236 binaries/ptcount.o
 .debug_line    0x00005c28      0x244 binaries/ptcreate.o
 .debug_line    0x00005e6c      0x234 binaries/ptdelete.o
 .debug_line    0x000060a0      0x245 binaries/ptinit.o
 .debug_line    0x000062e5      0x244 binaries/ptrecv.o
 .debug_line    0x00006529      0x232 binaries/ptreset.o
 .debug_line    0x0000675b      0x242 binaries/ptsend.o
 .debug_line    0x0000699d      0x226 binaries/putc.o
 .debug_line    0x00006bc3      0x241 binaries/queue.o
 .debug_line    0x00006e04      0x226 binaries/read.o
 .debug_line    0x0000702a      0x231 binaries/ready.o
 .debug_line    0x0000725b      0x229 binaries/receive.o
 .debug_line    0x00007484      0x228 binaries/recvclr.o
 .debug_line    0x000076ac      0x237 binaries/recvtime.o
 .debug_line    0x000078e3      0x248 binaries/resched.o
 .debug_line    0x00007b2b      0x233 binaries/resume.o
 .debug_line    0x00007d5e      0x226 binaries/seek.o
 .debug_line    0x00007f84      0x230 binaries/semcount.o
 .debug_line    0x000081b4      0x23d binaries/semcreate.o
 .debug_line    0x000083f1      0x233 binaries/semdelete.o
 .debug_line    0x00008624      0x23b binaries/semreset.o
 .debug_line    0x0000885f      0x236 binaries/send.o
 .debug_line    0x00008a95      0x22c binaries/signal.o
 .debug_line    0x00008cc1      0x231 binaries/signaln.o